Component: ARM Compiler 5.06 update 6 (build 750) Tool: armlink [4d35ed]

==============================================================================

Section Cross References

    os.o(i.osCooperative_Wait) refers to os.o(i.osThreadYield) for osThreadYield
    os.o(i.osKernelAdd1Thread) refers to os.o(i.osKernelStackInit) for osKernelStackInit
    os.o(i.osKernelAdd1Thread) refers to os.o(.data) for current_num_of_thread
    os.o(i.osKernelAdd1Thread) refers to os.o(.bss) for TCB_STACK
    os.o(i.osKernelInit) refers to os.o(.data) for MILLIS_PRESCALER
    os.o(i.osKernelLaunch) refers to os_1.o(.TEXT) for osSchedulerLaunch
    os.o(i.osKernelLaunch) refers to os.o(.data) for MILLIS_PRESCALER
    os.o(i.osKernelStackInit) refers to os.o(.bss) for TCB_STACK
    os.o(i.osSchedulerRoundRobin) refers to os.o(.data) for currentPt
    os.o(i.osThreadsSleep) refers to os.o(i.osThreadYield) for osThreadYield
    os.o(i.osThreadsSleep) refers to os.o(.data) for currentPt
    os_1.o(.TEXT) refers to os.o(i.osSchedulerRoundRobin) for osSchedulerRoundRobin
    os_1.o(.TEXT) refers to os.o(.data) for currentPt
    main.o(i.Control_Motor) refers to stm32f10x_gpio.o(i.GPIO_ResetBits) for GPIO_ResetBits
    main.o(i.Control_Motor) refers to stm32f10x_gpio.o(i.GPIO_SetBits) for GPIO_SetBits
    main.o(i.Control_Motor) refers to timer.o(i.Timer3_Delay_us) for Timer3_Delay_us
    main.o(i.Control_Motor) refers to timer.o(i.Timer3_Delay_ms) for Timer3_Delay_ms
    main.o(i.Control_Motor) refers to os.o(i.osThreadYield) for osThreadYield
    main.o(i.Control_Motor) refers to main.o(.bss) for device
    main.o(i.RCC_Clock_Init) refers to stm32f10x_gpio.o(i.GPIO_PinRemapConfig) for GPIO_PinRemapConfig
    main.o(i.RCC_Clock_Init) refers to stm32f10x_rcc.o(i.RCC_HSEConfig) for RCC_HSEConfig
    main.o(i.RCC_Clock_Init) refers to stm32f10x_rcc.o(i.RCC_GetFlagStatus) for RCC_GetFlagStatus
    main.o(i.RCC_Clock_Init) refers to stm32f10x_flash.o(i.FLASH_SetLatency) for FLASH_SetLatency
    main.o(i.RCC_Clock_Init) refers to stm32f10x_flash.o(i.FLASH_PrefetchBufferCmd) for FLASH_PrefetchBufferCmd
    main.o(i.RCC_Clock_Init) refers to stm32f10x_rcc.o(i.RCC_PLLConfig) for RCC_PLLConfig
    main.o(i.RCC_Clock_Init) refers to stm32f10x_rcc.o(i.RCC_PLLCmd) for RCC_PLLCmd
    main.o(i.RCC_Clock_Init) refers to stm32f10x_rcc.o(i.RCC_HCLKConfig) for RCC_HCLKConfig
    main.o(i.RCC_Clock_Init) refers to stm32f10x_rcc.o(i.RCC_PCLK1Config) for RCC_PCLK1Config
    main.o(i.RCC_Clock_Init) refers to stm32f10x_rcc.o(i.RCC_PCLK2Config) for RCC_PCLK2Config
    main.o(i.RCC_Clock_Init) refers to stm32f10x_rcc.o(i.RCC_SYSCLKConfig) for RCC_SYSCLKConfig
    main.o(i.RCC_Clock_Init) refers to stm32f10x_rcc.o(i.RCC_GetSYSCLKSource) for RCC_GetSYSCLKSource
    main.o(i.Read_Force) refers to os.o(i.osSemaphore_Give) for osSemaphore_Give
    main.o(i.Read_Force) refers to hx711.o(i.getForce) for getForce
    main.o(i.Read_Force) refers to stm32f10x_gpio.o(i.GPIO_SetBits) for GPIO_SetBits
    main.o(i.Read_Force) refers to main.o(.bss) for device
    main.o(i.Read_Force) refers to main.o(.data) for Sema_RES
    main.o(i.Read_Resistor) refers to os.o(i.osCooperative_Wait) for osCooperative_Wait
    main.o(i.Read_Resistor) refers to adc.o(i.ADC_Range7_Resistance) for ADC_Range7_Resistance
    main.o(i.Read_Resistor) refers to frleqf.o(x$fpl$frleqf) for __aeabi_cfrcmple
    main.o(i.Read_Resistor) refers to fmul.o(x$fpl$fmul) for __aeabi_fmul
    main.o(i.Read_Resistor) refers to fdiv.o(x$fpl$fdiv) for __aeabi_fdiv
    main.o(i.Read_Resistor) refers to ffixu.o(x$fpl$ffixu) for __aeabi_f2uiz
    main.o(i.Read_Resistor) refers to adc.o(i.ADC_Range6_Resistance) for ADC_Range6_Resistance
    main.o(i.Read_Resistor) refers to adc.o(i.ADC_Range5_Resistance) for ADC_Range5_Resistance
    main.o(i.Read_Resistor) refers to adc.o(i.ADC_Range4_Resistance) for ADC_Range4_Resistance
    main.o(i.Read_Resistor) refers to adc.o(i.ADC_Range3_Resistance) for ADC_Range3_Resistance
    main.o(i.Read_Resistor) refers to adc.o(i.ADC_Range2_Resistance) for ADC_Range2_Resistance
    main.o(i.Read_Resistor) refers to adc.o(i.ADC_Range1_Resistance) for ADC_Range1_Resistance
    main.o(i.Read_Resistor) refers to f2d.o(x$fpl$f2d) for __aeabi_f2d
    main.o(i.Read_Resistor) refers to drleqf.o(x$fpl$drleqf) for __aeabi_cdrcmple
    main.o(i.Read_Resistor) refers to os.o(i.osThreadYield) for osThreadYield
    main.o(i.Read_Resistor) refers to main.o(.data) for Sema_RES
    main.o(i.Read_Resistor) refers to main.o(.bss) for device
    main.o(i.Receive_Form_VCU) refers to os.o(i.osCooperative_Wait) for osCooperative_Wait
    main.o(i.Receive_Form_VCU) refers to stm32f10x_gpio.o(i.GPIO_SetBits) for GPIO_SetBits
    main.o(i.Receive_Form_VCU) refers to stm32f10x_gpio.o(i.GPIO_ResetBits) for GPIO_ResetBits
    main.o(i.Receive_Form_VCU) refers to main.o(i.system_reset) for system_reset
    main.o(i.Receive_Form_VCU) refers to hx711.o(i.weigh) for weigh
[...]
    i.TIM_TimeBaseInit                       0x08003308   Section        0  stm32f10x_tim.o(i.TIM_TimeBaseInit)
    i.Timer2_Init                            0x080033ac   Section        0  timer.o(i.Timer2_Init)
    i.Timer3_Delay_ms                        0x08003410   Section        0  timer.o(i.Timer3_Delay_ms)
    i.Timer3_Delay_us                        0x0800342c   Section        0  timer.o(i.Timer3_Delay_us)
    i.Timer3_Init                            0x08003444   Section        0  timer.o(i.Timer3_Init)
    i.Transmit_To_VCU                        0x08003484   Section        0  main.o(i.Transmit_To_VCU)
    i.USART1_IRQHandler                      0x08003814   Section        0  main.o(i.USART1_IRQHandler)
    i.USART_ClearITPendingBit                0x08003878   Section        0  stm32f10x_usart.o(i.USART_ClearITPendingBit)
    i.USART_Cmd                              0x08003896   Section        0  stm32f10x_usart.o(i.USART_Cmd)
    i.USART_GetFlagStatus                    0x080038ae   Section        0  stm32f10x_usart.o(i.USART_GetFlagStatus)
    i.USART_GetITStatus                      0x080038c8   Section        0  stm32f10x_usart.o(i.USART_GetITStatus)
    i.USART_ITConfig                         0x0800391c   Section        0  stm32f10x_usart.o(i.USART_ITConfig)
    i.USART_Init                             0x08003968   Section        0  stm32f10x_usart.o(i.USART_Init)
    i.USART_ReceiveData                      0x08003a40   Section        0  stm32f10x_usart.o(i.USART_ReceiveData)
    i.USART_SendData                         0x08003a4a   Section        0  stm32f10x_usart.o(i.USART_SendData)
    i.Usart1_GPIO_Init                       0x08003a54   Section        0  com.o(i.Usart1_GPIO_Init)
    i.Usart1_Init                            0x08003a9c   Section        0  com.o(i.Usart1_Init)
    i.Usart1_SendChar                        0x08003b10   Section        0  com.o(i.Usart1_SendChar)
    i.Usart1_SendString                      0x08003b30   Section        0  com.o(i.Usart1_SendString)
    i.Usart1_printf                          0x08003b4c   Section        0  com.o(i.Usart1_printf)
    i.__ARM_fpclassify                       0x08003b72   Section        0  fpclassify.o(i.__ARM_fpclassify)
    i._is_digit                              0x08003b9a   Section        0  __printf_wp.o(i._is_digit)
    i.ascii_to_int                           0x08003ba8   Section        0  main.o(i.ascii_to_int)
    i.getForce                               0x08003bf0   Section        0  hx711.o(i.getForce)
    i.getHX711                               0x08003c34   Section        0  hx711.o(i.getHX711)
    i.main                                   0x08003ca8   Section        0  main.o(i.main)
    i.osCooperative_Wait                     0x08003db8   Section        0  os.o(i.osCooperative_Wait)
    i.osKernelAdd1Thread                     0x08003dd8   Section        0  os.o(i.osKernelAdd1Thread)
    i.osKernelInit                           0x08003e94   Section        0  os.o(i.osKernelInit)
    i.osKernelLaunch                         0x08003ea4   Section        0  os.o(i.osKernelLaunch)
    i.osKernelStackInit                      0x08003f1c   Section        0  os.o(i.osKernelStackInit)
    i.osSchedulerRoundRobin                  0x0800403c   Section        0  os.o(i.osSchedulerRoundRobin)
    i.osSemaphore_Give                       0x08004064   Section        0  os.o(i.osSemaphore_Give)
    i.osSemaphore_Init                       0x0800407a   Section        0  os.o(i.osSemaphore_Init)
    i.osThreadYield                          0x08004080   Section        0  os.o(i.osThreadYield)
    i.system_reset                           0x0800409c   Section        0  main.o(i.system_reset)
    i.system_setup                           0x080040ae   Section        0  main.o(i.system_setup)
    i.weigh                                  0x080040cc   Section        0  hx711.o(i.weigh)
    locale$$code                             0x08004118   Section       44  lc_numeric_c.o(locale$$code)
    locale$$code                             0x08004144   Section       44  lc_ctype_c.o(locale$$code)
    x$fpl$d2f                                0x08004170   Section       98  d2f.o(x$fpl$d2f)
    x$fpl$dadd                               0x080041d4   Section      336  daddsub_clz.o(x$fpl$dadd)
    _dadd1                                   0x080041e5   Thumb Code     0  daddsub_clz.o(x$fpl$dadd)
    x$fpl$dcmpinf                            0x08004324   Section       24  dcmpi.o(x$fpl$dcmpinf)
    x$fpl$ddiv                               0x0800433c   Section      688  ddiv.o(x$fpl$ddiv)
    ddiv_entry                               0x08004343   Thumb Code     0  ddiv.o(x$fpl$ddiv)
    x$fpl$dflt                               0x080045ec   Section       46  dflt_clz.o(x$fpl$dflt)
    x$fpl$dleqf                              0x0800461c   Section      120  dleqf.o(x$fpl$dleqf)
    x$fpl$dmul                               0x08004694   Section      340  dmul.o(x$fpl$dmul)
    x$fpl$dnaninf                            0x080047e8   Section      156  dnaninf.o(x$fpl$dnaninf)
    x$fpl$dretinf                            0x08004884   Section       12  dretinf.o(x$fpl$dretinf)
    x$fpl$drleqf                             0x08004890   Section      108  drleqf.o(x$fpl$drleqf)
    x$fpl$dsub                               0x080048fc   Section      468  daddsub_clz.o(x$fpl$dsub)
    _dsub1                                   0x0800490d   Thumb Code     0  daddsub_clz.o(x$fpl$dsub)
    x$fpl$f2d                                0x08004ad0   Section       86  f2d.o(x$fpl$f2d)
    x$fpl$fadd                               0x08004b28   Section      196  faddsub_clz.o(x$fpl$fadd)
    _fadd1                                   0x08004b37   Thumb Code     0  faddsub_clz.o(x$fpl$fadd)
    x$fpl$fcmpinf                            0x08004bec   Section       24  fcmpi.o(x$fpl$fcmpinf)
    x$fpl$fdiv                               0x08004c04   Section      388  fdiv.o(x$fpl$fdiv)
    _fdiv1                                   0x08004c05   Thumb Code     0  fdiv.o(x$fpl$fdiv)
    x$fpl$ffix                               0x08004d88   Section       54  ffix.o(x$fpl$ffix)
    x$fpl$ffixu                              0x08004dc0   Section       62  ffixu.o(x$fpl$ffixu)
    x$fpl$fflt                               0x08004e00   Section       48  fflt_clz.o(x$fpl$fflt)
    x$fpl$fleqf                              0x08004e30   Section      104  fleqf.o(x$fpl$fleqf)
    x$fpl$fmul                               0x08004e98   Section      258  fmul.o(x$fpl$fmul)
    x$fpl$fnaninf                            0x08004f9a   Section      140  fnaninf.o(x$fpl$fnaninf)
    x$fpl$fretinf                            0x08005026   Section       10  fretinf.o(x$fpl$fretinf)
    x$fpl$frleqf                             0x08005030   Section       98  frleqf.o(x$fpl$frleqf)
    x$fpl$fsub                               0x08005094   Section      234  faddsub_clz.o(x$fpl$fsub)
    _fsub1                                   0x080050a3   Thumb Code     0  faddsub_clz.o(x$fpl$fsub)
    x$fpl$printf1                            0x0800517e   Section        4  printf1.o(x$fpl$printf1)
    x$fpl$printf2                            0x08005182   Section        4  printf2.o(x$fpl$printf2)
    .constdata                               0x08005186   Section       17  __printf_flags_ss_wp.o(.constdata)
    x$fpl$usenofp                            0x08005186   Section        0  usenofp.o(x$fpl$usenofp)
    maptable                                 0x08005186   Data          17  __printf_flags_ss_wp.o(.constdata)
    .constdata                               0x08005198   Section        8  _printf_wctomb.o(.constdata)
    initial_mbstate                          0x08005198   Data           8  _printf_wctomb.o(.constdata)
    .constdata                               0x080051a0   Section       40  _printf_hex_int_ll_ptr.o(.constdata)
    uc_hextab                                0x080051a0   Data          20  _printf_hex_int_ll_ptr.o(.constdata)
    lc_hextab                                0x080051b4   Data          20  _printf_hex_int_ll_ptr.o(.constdata)
    .constdata                               0x080051c8   Section       38  _printf_fp_hex.o(.constdata)
    lc_hextab                                0x080051c8   Data          19  _printf_fp_hex.o(.constdata)
    uc_hextab                                0x080051db   Data          19  _printf_fp_hex.o(.constdata)
    .constdata                               0x080051f0   Section      148  bigflt0.o(.constdata)
    tenpwrs_x                                0x080051f0   Data          60  bigflt0.o(.constdata)
    tenpwrs_i                                0x0800522c   Data          64  bigflt0.o(.constdata)
    locale$$data                             0x080052a4   Section       28  lc_numeric_c.o(locale$$data)
    __lcnum_c_name                           0x080052a8   Data           2  lc_numeric_c.o(locale$$data)
    __lcnum_c_start                          0x080052b0   Data           0  lc_numeric_c.o(locale$$data)
    __lcnum_c_point                          0x080052bc   Data           0  lc_numeric_c.o(locale$$data)
    __lcnum_c_thousands                      0x080052be   Data           0  lc_numeric_c.o(locale$$data)
    __lcnum_c_grouping                       0x080052bf   Data           0  lc_numeric_c.o(locale$$data)
    locale$$data                             0x080052c0   Section      272  lc_ctype_c.o(locale$$data)
    __lcnum_c_end                            0x080052c0   Data           0  lc_numeric_c.o(locale$$data)
    __lcctype_c_name                         0x080052c4   Data           2  lc_ctype_c.o(locale$$data)
    __lcctype_c_start                        0x080052cc   Data           0  lc_ctype_c.o(locale$$data)
    __lcctype_c_end                          0x080053d0   Data           0  lc_ctype_c.o(locale$$data)
    .data                                    0x20000000   Section       12  os.o(.data)
    .data                                    0x2000000c   Section       14  main.o(.data)
    .data                                    0x2000001c   Section        4  timer.o(.data)
    .data                                    0x20000020   Section       20  stm32f10x_rcc.o(.data)
    APBAHBPrescTable                         0x20000020   Data          16  stm32f10x_rcc.o(.data)
    ADCPrescTable                            0x20000030   Data           4  stm32f10x_rcc.o(.data)
    .bss                                     0x20000034   Section    11284  os.o(.bss)
    .bss                                     0x20002c48   Section       52  main.o(.bss)
    .bss                                     0x20002c7c   Section       96  libspace.o(.bss)
    HEAP                                     0x20002ce0   Section      512  startup_stm32f10x_md.o(HEAP)
    Heap_Mem                                 0x20002ce0   Data         512  startup_stm32f10x_md.o(HEAP)
    STACK                                    0x20002ee0   Section     1024  startup_stm32f10x_md.o(STACK)
    Stack_Mem                                0x20002ee0   Data        1024  startup_stm32f10x_md.o(STACK)
    __initial_sp                             0x200032e0   Data           0  startup_stm32f10x_md.o(STACK)

    Global Symbols

    Symbol Name                              Value     Ov Type        Size  Object(Section)

    BuildAttributes$$THM_ISAv4$P$D$K$B$S$PE$A:L22UL41UL21$X:L11$S22US41US21$IEEE1$IW$USESV6$~STKCKD$USESV7$~SHL$OTIME$ROPI$IEEEJ$EBA8$UX$STANDARDLIB$REQ8$PRES8$EABIv2 0x00000000   Number         0  anon$$obj.o ABSOLUTE
    __ARM_use_no_argv                        0x00000000   Number         0  main.o ABSOLUTE
    _printf_flags                            0x00000000   Number         0  printf_stubs.o ABSOLUTE
    _printf_return_value                     0x00000000   Number         0  printf_stubs.o ABSOLUTE
    _printf_sizespec                         0x00000000   Number         0  printf_stubs.o ABSOLUTE
    _printf_widthprec                        0x00000000   Number         0  printf_stubs.o ABSOLUTE
    __ARM_exceptions_init                     - Undefined Weak Reference
    __alloca_initialize                       - Undefined Weak Reference
    __arm_preinit_                            - Undefined Weak Reference
    __cpp_initialize__aeabi_                  - Undefined Weak Reference
    __cxa_finalize                            - Undefined Weak Reference
    __sigvec_lookup                           - Undefined Weak Reference
    _atexit_init                              - Undefined Weak Reference
    _call_atexit_fns                          - Undefined Weak Reference
    _clock_init                               - Undefined Weak Reference
    _fp_trap_init                             - Undefined Weak Reference
    _fp_trap_shutdown                         - Undefined Weak Reference
    _get_lc_collate                           - Undefined Weak Reference
    _get_lc_monetary                          - Undefined Weak Reference
    _get_lc_time                              - Undefined Weak Reference
    _getenv_init                              - Undefined Weak Reference
    _handle_redirection                       - Undefined Weak Reference
    _init_alloc                               - Undefined Weak Reference
    _init_user_alloc                          - Undefined Weak Reference
    _initio                                   - Undefined Weak Reference
    _printf_mbtowc                            - Undefined Weak Reference
    _printf_wc                                - Undefined Weak Reference
    _rand_init                                - Undefined Weak Reference
    _signal_finish                            - Undefined Weak Reference
    _signal_init                              - Undefined Weak Reference
    _terminate_alloc                          - Undefined Weak Reference
    _terminate_user_alloc                     - Undefined Weak Reference
    _terminateio                              - Undefined Weak Reference
    __Vectors_Size                           0x000000ec   Number         0  startup_stm32f10x_md.o ABSOLUTE
    __Vectors                                0x08000000   Data           4  startup_stm32f10x_md.o(RESET)
    __Vectors_End                            0x080000ec   Data           0  startup_stm32f10x_md.o(RESET)
    __main                                   0x080000ed   Thumb Code     8  __main.o(!!!main)
    __scatterload                            0x080000f5   Thumb Code     0  __scatter.o(!!!scatter)
    __scatterload_rt2                        0x080000f5   Thumb Code    44  __scatter.o(!!!scatter)
    __scatterload_rt2_thumb_only             0x080000f5   Thumb Code     0  __scatter.o(!!!scatter)
    __scatterload_null                       0x08000103   Thumb Code     0  __scatter.o(!!!scatter)
    __scatterload_copy                       0x08000129   Thumb Code    26  __scatter_copy.o(!!handler_copy)
    __scatterload_zeroinit                   0x08000145   Thumb Code    28  __scatter_zi.o(!!handler_zi)
    _printf_n                                0x08000161   Thumb Code     0  _printf_n.o(.ARM.Collect$$_printf_percent$$00000001)
    _printf_percent                          0x08000161   Thumb Code     0  _printf_percent.o(.ARM.Collect$$_printf_percent$$00000000)
    _printf_p                                0x08000167   Thumb Code     0  _printf_p.o(.ARM.Collect$$_printf_percent$$00000002)
    _printf_f                                0x0800016d   Thumb Code     0  _printf_f.o(.ARM.Collect$$_printf_percent$$00000003)
    _printf_e                                0x08000173   Thumb Code     0  _printf_e.o(.ARM.Collect$$_printf_percent$$00000004)
    _printf_g                                0x08000179   Thumb Code     0  _printf_g.o(.ARM.Collect$$_printf_percent$$00000005)
    _printf_a                                0x0800017f   Thumb Code     0  _printf_a.o(.ARM.Collect$$_printf_percent$$00000006)
    _printf_ll                               0x08000185   Thumb Code     0  _printf_ll.o(.ARM.Collect$$_printf_percent$$00000007)
    _printf_i                                0x0800018f   Thumb Code     0  _printf_i.o(.ARM.Collect$$_printf_percent$$00000008)
    _printf_d                                0x08000195   Thumb Code     0  _printf_d.o(.ARM.Collect$$_printf_percent$$00000009)
    _printf_u                                0x0800019b   Thumb Code     0  _printf_u.o(.ARM.Collect$$_printf_percent$$0000000A)
    _printf_o                                0x080001a1   Thumb Code     0  _printf_o.o(.ARM.Collect$$_printf_percent$$0000000B)
    _printf_x                                0x080001a7   Thumb Code     0  _printf_x.o(.ARM.Collect$$_printf_percent$$0000000C)
    _printf_lli                              0x080001ad   Thumb Code     0  _printf_lli.o(.ARM.Collect$$_printf_percent$$0000000D)
    _printf_lld                              0x080001b3   Thumb Code     0  _printf_lld.o(.ARM.Collect$$_printf_percent$$0000000E)
    _printf_llu                              0x080001b9   Thumb Code     0  _printf_llu.o(.ARM.Collect$$_printf_percent$$0000000F)
    _printf_llo                              0x080001bf   Thumb Code     0  _printf_llo.o(.ARM.Collect$$_printf_percent$$00000010)
    _printf_llx                              0x080001c5   Thumb Code     0  _printf_llx.o(.ARM.Collect$$_printf_percent$$00000011)
    _printf_l                                0x080001cb   Thumb Code     0  _printf_l.o(.ARM.Collect$$_printf_percent$$00000012)
    _printf_c                                0x080001d5   Thumb Code     0  _printf_c.o(.ARM.Collect$$_printf_percent$$00000013)
    _printf_s                                0x080001db   Thumb Code     0  _printf_s.o(.ARM.Collect$$_printf_percent$$00000014)
    _printf_lc                               0x080001e1   Thumb Code     0  _printf_lc.o(.ARM.Collect$$_printf_percent$$00000015)
    _printf_ls                               0x080001e7   Thumb Code     0  _printf_ls.o(.ARM.Collect$$_printf_percent$$00000016)
    _printf_percent_end                      0x080001ed   Thumb Code     0  _printf_percent_end.o(.ARM.Collect$$_printf_percent$$00000017)
    __rt_lib_init                            0x080001f1   Thumb Code     0  libinit.o(.ARM.Collect$$libinit$$00000000)
    __rt_lib_init_fp_1                       0x080001f3   Thumb Code     0  libinit2.o(.ARM.Collect$$libinit$$00000002)
    __rt_lib_init_heap_1                     0x080001f3   Thumb Code     0  libinit2.o(.ARM.Collect$$libinit$$0000000A)
    __rt_lib_init_lc_common                  0x080001f3   Thumb Code     0  libinit2.o(.ARM.Collect$$libinit$$0000000F)
    __rt_lib_init_preinit_1                  0x080001f3   Thumb Code     0  libinit2.o(.ARM.Collect$$libinit$$00000004)
    __rt_lib_init_rand_1                     0x080001f3   Thumb Code     0  libinit2.o(.ARM.Collect$$libinit$$0000000E)
    __rt_lib_init_user_alloc_1               0x080001f3   Thumb Code     0  libinit2.o(.ARM.Collect$$libinit$$0000000C)
    __rt_lib_init_lc_collate_1               0x080001f9   Thumb Code     0  libinit2.o(.ARM.Collect$$libinit$$00000011)
    __rt_lib_init_lc_ctype_2                 0x080001f9   Thumb Code     0  libinit2.o(.ARM.Collect$$libinit$$00000012)
    __rt_lib_init_lc_ctype_1                 0x08000205   Thumb Code     0  libinit2.o(.ARM.Collect$$libinit$$00000013)
    __rt_lib_init_lc_monetary_1              0x08000205   Thumb Code     0  libinit2.o(.ARM.Collect$$libinit$$00000015)
    __rt_lib_init_lc_numeric_2               0x08000205   Thumb Code     0  libinit2.o(.ARM.Collect$$libinit$$00000016)
    __rt_lib_init_alloca_1                   0x0800020f   Thumb Code     0  libinit2.o(.ARM.Collect$$libinit$$0000002E)
    __rt_lib_init_argv_1                     0x0800020f   Thumb Code     0  libinit2.o(.ARM.Collect$$libinit$$0000002C)
    __rt_lib_init_atexit_1                   0x0800020f   Thumb Code     0  libinit2.o(.ARM.Collect$$libinit$$0000001B)
    __rt_lib_init_clock_1                    0x0800020f   Thumb Code     0  libinit2.o(.ARM.Collect$$libinit$$00000021)
    __rt_lib_init_cpp_1                      0x0800020f   Thumb Code     0  libinit2.o(.ARM.Collect$$libinit$$00000032)
    __rt_lib_init_exceptions_1               0x0800020f   Thumb Code     0  libinit2.o(.ARM.Collect$$libinit$$00000030)
    __rt_lib_init_fp_trap_1                  0x0800020f   Thumb Code     0  libinit2.o(.ARM.Collect$$libinit$$0000001F)
    __rt_lib_init_getenv_1                   0x0800020f   Thumb Code     0  libinit2.o(.ARM.Collect$$libinit$$00000023)
    __rt_lib_init_lc_numeric_1               0x0800020f   Thumb Code     0  libinit2.o(.ARM.Collect$$libinit$$00000017)
    __rt_lib_init_lc_time_1                  0x0800020f   Thumb Code     0  libinit2.o(.ARM.Collect$$libinit$$00000019)
    __rt_lib_init_return                     0x0800020f   Thumb Code     0  libinit2.o(.ARM.Collect$$libinit$$00000033)
    __rt_lib_init_signal_1                   0x0800020f   Thumb Code     0  libinit2.o(.ARM.Collect$$libinit$$0000001D)
    __rt_lib_init_stdio_1                    0x0800020f   Thumb Code     0  libinit2.o(.ARM.Collect$$libinit$$00000025)
    __rt_lib_shutdown                        0x08000211   Thumb Code     0  libshutdown.o(.ARM.Collect$$libshutdown$$00000000)
    __rt_lib_shutdown_cpp_1                  0x08000213   Thumb Code     0  libshutdown2.o(.ARM.Collect$$libshutdown$$00000002)
    __rt_lib_shutdown_fp_trap_1              0x08000213   Thumb Code     0  libshutdown2.o(.ARM.Collect$$libshutdown$$00000007)
    __rt_lib_shutdown_heap_1                 0x08000213   Thumb Code     0  libshutdown2.o(.ARM.Collect$$libshutdown$$0000000F)
    __rt_lib_shutdown_return                 0x08000213   Thumb Code     0  libshutdown2.o(.ARM.Collect$$libshutdown$$00000010)
    __rt_lib_shutdown_signal_1               0x08000213   Thumb Code     0  libshutdown2.o(.ARM.Collect$$libshutdown$$0000000A)
    __rt_lib_shutdown_stdio_1                0x08000213   Thumb Code     0  libshutdown2.o(.ARM.Collect$$libshutdown$$00000004)
    __rt_lib_shutdown_user_alloc_1           0x08000213   Thumb Code     0  libshutdown2.o(.ARM.Collect$$libshutdown$$0000000C)
    __rt_entry                               0x08000215   Thumb Code     0  __rtentry.o(.ARM.Collect$$rtentry$$00000000)
    __rt_entry_presh_1                       0x08000215   Thumb Code     0  __rtentry2.o(.ARM.Collect$$rtentry$$00000002)
    __rt_entry_sh                            0x08000215   Thumb Code     0  __rtentry4.o(.ARM.Collect$$rtentry$$00000004)
    __rt_entry_li                            0x0800021b   Thumb Code     0  __rtentry2.o(.ARM.Collect$$rtentry$$0000000A)
    __rt_entry_postsh_1                      0x0800021b   Thumb Code     0  __rtentry2.o(.ARM.Collect$$rtentry$$00000009)
    __rt_entry_main                          0x0800021f   Thumb Code     0  __rtentry2.o(.ARM.Collect$$rtentry$$0000000D)
    __rt_entry_postli_1                      0x0800021f   Thumb Code     0  __rtentry2.o(.ARM.Collect$$rtentry$$0000000C)
    __rt_exit                                0x08000227   Thumb Code     0  rtexit.o(.ARM.Collect$$rtexit$$00000000)
    __rt_exit_ls                             0x08000229   Thumb Code     0  rtexit2.o(.ARM.Collect$$rtexit$$00000003)
    __rt_exit_prels_1                        0x08000229   Thumb Code     0  rtexit2.o(.ARM.Collect$$rtexit$$00000002)
    __rt_exit_exit                           0x0800022d   Thumb Code     0  rtexit2.o(.ARM.Collect$$rtexit$$00000004)
    osSchedulerLaunch                        0x08000235   Thumb Code     0  os_1.o(.TEXT)
    PendSV_Handler                           0x08000253   Thumb Code     0  os_1.o(.TEXT)
    Reset_Handler                            0x0800027d   Thumb Code     8  startup_stm32f10x_md.o(.text)
    NMI_Handler                              0x08000285   Thumb Code     2  startup_stm32f10x_md.o(.text)
    HardFault_Handler                        0x08000287   Thumb Code     2  startup_stm32f10x_md.o(.text)
    MemManage_Handler                        0x08000289   Thumb Code     2  startup_stm32f10x_md.o(.text)
    BusFault_Handler                         0x0800028b   Thumb Code     2  startup_stm32f10x_md.o(.text)
    UsageFault_Handler                       0x0800028d   Thumb Code     2  startup_stm32f10x_md.o(.text)
    SVC_Handler                              0x0800028f   Thumb Code     2  startup_stm32f10x_md.o(.text)
    DebugMon_Handler                         0x08000291   Thumb Code     2  startup_stm32f10x_md.o(.text)
    ADC1_2_IRQHandler                        0x08000297   Thumb Code     0  startup_stm32f10x_md.o(.text)
    CAN1_RX1_IRQHandler                      0x08000297   Thumb Code     0  startup_stm32f10x_md.o(.text)
    CAN1_SCE_IRQHandler                      0x08000297   Thumb Code     0  startup_stm32f10x_md.o(.text)
    DMA1_Channel1_IRQHandler                 0x08000297   Thumb Code     0  startup_stm32f10x_md.o(.text)
    DMA1_Channel2_IRQHandler                 0x08000297   Thumb Code     0  startup_stm32f10x_md.o(.text)
    DMA1_Channel3_IRQHandler                 0x08000297   Thumb Code     0  startup_stm32f10x_md.o(.text)
    DMA1_Channel4_IRQHandler                 0x08000297   Thumb Code     0  startup_stm32f10x_md.o(.text)
    DMA1_Channel5_IRQHandler                 0x08000297   Thumb Code     0  startup_stm32f10x_md.o(.text)
    DMA1_Channel6_IRQHandler                 0x08000297   Thumb Code     0  startup_stm32f10x_md.o(.text)
    DMA1_Channel7_IRQHandler                 0x08000297   Thumb Code     0  startup_stm32f10x_md.o(.text)
    EXTI0_IRQHandler                         0x08000297   Thumb Code     0  startup_stm32f10x_md.o(.text)
    EXTI15_10_IRQHandler                     0x08000297   Thumb Code     0  startup_stm32f10x_md.o(.text)
    EXTI1_IRQHandler                         0x08000297   Thumb Code     0  startup_stm32f10x_md.o(.text)
    EXTI2_IRQHandler                         0x08000297   Thumb Code     0  startup_stm32f10x_md.o(.text)
    EXTI3_IRQHandler                         0x08000297   Thumb Code     0  startup_stm32f10x_md.o(.text)
    EXTI4_IRQHandler                         0x08000297   Thumb Code     0  startup_stm32f10x_md.o(.text)
    EXTI9_5_IRQHandler                       0x08000297   Thumb Code     0  startup_stm32f10x_md.o(.text)
    FLASH_IRQHandler                         0x08000297   Thumb Code     0  startup_stm32f10x_md.o(.text)
    I2C1_ER_IRQHandler                       0x08000297   Thumb Code     0  startup_stm32f10x_md.o(.text)
    I2C1_EV_IRQHandler                       0x08000297   Thumb Code     0  startup_stm32f10x_md.o(.text)
    I2C2_ER_IRQHandler                       0x08000297   Thumb Code     0  startup_stm32f10x_md.o(.text)
    I2C2_EV_IRQHandler                       0x08000297   Thumb Code     0  startup_stm32f10x_md.o(.text)
    PVD_IRQHandler                           0x08000297   Thumb Code     0  startup_stm32f10x_md.o(.text)
    RCC_IRQHandler                           0x08000297   Thumb Code     0  startup_stm32f10x_md.o(.text)
    RTCAlarm_IRQHandler                      0x08000297   Thumb Code     0  startup_stm32f10x_md.o(.text)
    RTC_IRQHandler                           0x08000297   Thumb Code     0  startup_stm32f10x_md.o(.text)
    SPI1_IRQHandler                          0x08000297   Thumb Code     0  startup_stm32f10x_md.o(.text)
    SPI2_IRQHandler                          0x08000297   Thumb Code     0  startup_stm32f10x_md.o(.text)
    TAMPER_IRQHandler                        0x08000297   Thumb Code     0  startup_stm32f10x_md.o(.text)
    TIM1_BRK_IRQHandler                      0x08000297   Thumb Code     0  startup_stm32f10x_md.o(.text)
    TIM1_CC_IRQHandler                       0x08000297   Thumb Code     0  startup_stm32f10x_md.o(.text)
    TIM1_TRG_COM_IRQHandler                  0x08000297   Thumb Code     0  startup_stm32f10x_md.o(.text)
    TIM1_UP_IRQHandler                       0x08000297   Thumb Code     0  startup_stm32f10x_md.o(.text)
    TIM3_IRQHandler                          0x08000297   Thumb Code     0  startup_stm32f10x_md.o(.text)
    TIM4_IRQHandler                          0x08000297   Thumb Code     0  startup_stm32f10x_md.o(.text)
    USART2_IRQHandler                        0x08000297   Thumb Code     0  startup_stm32f10x_md.o(.text)
    USART3_IRQHandler                        0x08000297   Thumb Code     0  startup_stm32f10x_md.o(.text)
    USBWakeUp_IRQHandler                     0x08000297   Thumb Code     0  startup_stm32f10x_md.o(.text)
    USB_HP_CAN1_TX_IRQHandler                0x08000297   Thumb Code     0  startup_stm32f10x_md.o(.text)
    USB_LP_CAN1_RX0_IRQHandler               0x08000297   Thumb Code     0  startup_stm32f10x_md.o(.text)
    WWDG_IRQHandler                          0x08000297   Thumb Code     0  startup_stm32f10x_md.o(.text)
    __user_initial_stackheap                 0x08000299   Thumb Code     0  startup_stm32f10x_md.o(.text)
    vsnprintf                                0x080002bd   Thumb Code    48  vsnprintf.o(.text)
    _printf_int_dec                          0x080002f1   Thumb Code   104  _printf_dec.o(.text)
    __printf                                 0x08000369   Thumb Code   388  __printf_flags_ss_wp.o(.text)
    __use_two_region_memory                  0x080004f1   Thumb Code     2  heapauxi.o(.text)
    __rt_heap_escrow$2region                 0x080004f3   Thumb Code     2  heapauxi.o(.text)
    __rt_heap_expand$2region                 0x080004f5   Thumb Code     2  heapauxi.o(.text)
    _printf_pre_padding                      0x080004f7   Thumb Code    44  _printf_pad.o(.text)
    _printf_post_padding                     0x08000523   Thumb Code    34  _printf_pad.o(.text)
    _printf_truncate_signed                  0x08000545   Thumb Code    18  _printf_truncate.o(.text)
    _printf_truncate_unsigned                0x08000557   Thumb Code    18  _printf_truncate.o(.text)
    _printf_str                              0x08000569   Thumb Code    82  _printf_str.o(.text)
    _printf_int_common                       0x080005bb   Thumb Code   178  _printf_intcommon.o(.text)
    _printf_charcount                        0x0800066d   Thumb Code    40  _printf_charcount.o(.text)
    _printf_char_common                      0x0800069f   Thumb Code    32  _printf_char_common.o(.text)
    _sputc                                   0x080006c5   Thumb Code    10  _sputc.o(.text)
    _snputc                                  0x080006cf   Thumb Code    16  _snputc.o(.text)
    _printf_wctomb                           0x080006e1   Thumb Code   182  _printf_wctomb.o(.text)
    _printf_longlong_dec                     0x0800079d   Thumb Code   108  _printf_longlong_dec.o(.text)
    _printf_longlong_oct                     0x08000819   Thumb Code    66  _printf_oct_int_ll.o(.text)
    _printf_int_oct                          0x0800085b   Thumb Code    24  _printf_oct_int_ll.o(.text)
    _printf_ll_oct                           0x08000873   Thumb Code    12  _printf_oct_int_ll.o(.text)
    _printf_longlong_hex                     0x08000889   Thumb Code    86  _printf_hex_int_ll_ptr.o(.text)
    _printf_int_hex                          0x080008df   Thumb Code    28  _printf_hex_int_ll_ptr.o(.text)
    _printf_ll_hex                           0x080008fb   Thumb Code    12  _printf_hex_int_ll_ptr.o(.text)
    _printf_hex_ptr                          0x08000907   Thumb Code    18  _printf_hex_int_ll_ptr.o(.text)
    _ll_udiv10                               0x0800091d   Thumb Code   138  lludiv10.o(.text)
    __lib_sel_fp_printf                      0x080009a7   Thumb Code     2  _printf_fp_dec.o(.text)
    _printf_fp_dec_real                      0x08000b59   Thumb Code   620  _printf_fp_dec.o(.text)
    _printf_fp_hex_real                      0x08000dc5   Thumb Code   756  _printf_fp_hex.o(.text)
    _printf_cs_common                        0x080010c1   Thumb Code    20  _printf_char.o(.text)
    _printf_char                             0x080010d5   Thumb Code    16  _printf_char.o(.text)
    _printf_string                           0x080010e5   Thumb Code     8  _printf_char.o(.text)
    _printf_lcs_common                       0x080010ed   Thumb Code    20  _printf_wchar.o(.text)
    _printf_wchar                            0x08001101   Thumb Code    16  _printf_wchar.o(.text)
    _printf_wstring                          0x08001111   Thumb Code     8  _printf_wchar.o(.text)
    _wcrtomb                                 0x08001119   Thumb Code    64  _wcrtomb.o(.text)
    __user_setup_stackheap                   0x08001159   Thumb Code    74  sys_stackheap_outer.o(.text)
    __rt_ctype_table                         0x080011a5   Thumb Code    16  rt_ctype_table.o(.text)
    __rt_locale                              0x080011b5   Thumb Code     8  rt_locale_intlibspace.o(.text)
    _printf_fp_infnan                        0x080011bd   Thumb Code   112  _printf_fp_infnan.o(.text)
    _btod_etento                             0x0800123d   Thumb Code   224  bigflt0.o(.text)
    exit                                     0x08001321   Thumb Code    18  exit.o(.text)
    __user_libspace                          0x08001335   Thumb Code     8  libspace.o(.text)
    __user_perproc_libspace                  0x08001335   Thumb Code     0  libspace.o(.text)
    __user_perthread_libspace                0x08001335   Thumb Code     0  libspace.o(.text)
    strcmp                                   0x0800133d   Thumb Code   128  strcmpv7m.o(.text)
    _sys_exit                                0x080013bd   Thumb Code     8  sys_exit.o(.text)
    __I$use$semihosting                      0x080013c9   Thumb Code     0  use_no_semi.o(.text)
    __use_no_semihosting_swi                 0x080013c9   Thumb Code     2  use_no_semi.o(.text)
    __semihosting_library_function           0x080013cb   Thumb Code     0  indicate_semi.o(.text)
    _btod_d2e                                0x080013cb   Thumb Code    62  btod.o(CL$$btod_d2e)
    _d2e_denorm_low                          0x08001409   Thumb Code    70  btod.o(CL$$btod_d2e_denorm_low)
    _d2e_norm_op1                            0x0800144f   Thumb Code    96  btod.o(CL$$btod_d2e_norm_op1)
    __btod_div_common                        0x080014af   Thumb Code   696  btod.o(CL$$btod_div_common)
    _e2e                                     0x080017e7   Thumb Code   220  btod.o(CL$$btod_e2e)
    _btod_ediv                               0x080018c3   Thumb Code    42  btod.o(CL$$btod_ediv)
    _btod_emul                               0x080018ed   Thumb Code    42  btod.o(CL$$btod_emul)
    __btod_mult_common                       0x08001917   Thumb Code   580  btod.o(CL$$btod_mult_common)
    ADC_Differential_Init                    0x08001b5b   Thumb Code   126  adc.o(i.ADC_Differential_Init)
    ADC_Differential_Read                    0x08001bd9   Thumb Code    28  adc.o(i.ADC_Differential_Read)
    ADC_GPIO_Measurement_Range               0x08001bf5   Thumb Code    84  adc.o(i.ADC_GPIO_Measurement_Range)
    ADC_GPIO_Reset                           0x08001c51   Thumb Code    32  adc.o(i.ADC_GPIO_Reset)
    ADC_Range1_Resistance                    0x08001c79   Thumb Code   108  adc.o(i.ADC_Range1_Resistance)
    ADC_Range2_Resistance                    0x08001d01   Thumb Code   108  adc.o(i.ADC_Range2_Resistance)
    ADC_Range3_Resistance                    0x08001d89   Thumb Code   108  adc.o(i.ADC_Range3_Resistance)
    ADC_Range4_Resistance                    0x08001e11   Thumb Code    86  adc.o(i.ADC_Range4_Resistance)
    ADC_Range5_Resistance                    0x08001e7d   Thumb Code    86  adc.o(i.ADC_Range5_Resistance)
    ADC_Range6_Resistance                    0x08001ee9   Thumb Code   208  adc.o(i.ADC_Range6_Resistance)
    ADC_Range7_Resistance                    0x08001fd9   Thumb Code   208  adc.o(i.ADC_Range7_Resistance)
    ADC_Single_Init                          0x080020c9   Thumb Code   134  adc.o(i.ADC_Single_Init)
    Control_Motor                            0x08002151   Thumb Code   322  main.o(i.Control_Motor)
    FLASH_PrefetchBufferCmd                  0x0800229d   Thumb Code    22  stm32f10x_flash.o(i.FLASH_PrefetchBufferCmd)
    FLASH_SetLatency                         0x080022b9   Thumb Code    18  stm32f10x_flash.o(i.FLASH_SetLatency)
    Force_Sensor_Init                        0x080022d1   Thumb Code    66  hx711.o(i.Force_Sensor_Init)
    GPIO_Init                                0x08002319   Thumb Code   278  stm32f10x_gpio.o(i.GPIO_Init)
    GPIO_PinRemapConfig                      0x08002431   Thumb Code   138  stm32f10x_gpio.o(i.GPIO_PinRemapConfig)
    GPIO_ReadInputDataBit                    0x080024c1   Thumb Code    18  stm32f10x_gpio.o(i.GPIO_ReadInputDataBit)
    GPIO_ResetBits                           0x080024d3   Thumb Code     4  stm32f10x_gpio.o(i.GPIO_ResetBits)
    GPIO_SetBits                             0x080024d7   Thumb Code     4  stm32f10x_gpio.o(i.GPIO_SetBits)
    I2C_AcknowledgeConfig                    0x080024db   Thumb Code    24  stm32f10x_i2c.o(i.I2C_AcknowledgeConfig)
    I2C_CheckEvent                           0x080024f3   Thumb Code    42  stm32f10x_i2c.o(i.I2C_CheckEvent)
    I2C_Cmd                                  0x0800251d   Thumb Code    24  stm32f10x_i2c.o(i.I2C_Cmd)
    I2C_DeInit                               0x08002535   Thumb Code    50  stm32f10x_i2c.o(i.I2C_DeInit)
    I2C_GenerateSTART                        0x0800256d   Thumb Code    24  stm32f10x_i2c.o(i.I2C_GenerateSTART)
    I2C_GenerateSTOP                         0x08002585   Thumb Code    24  stm32f10x_i2c.o(i.I2C_GenerateSTOP)
    I2C_GetFlagStatus                        0x0800259d   Thumb Code    58  stm32f10x_i2c.o(i.I2C_GetFlagStatus)
    I2C_Init                                 0x080025d9   Thumb Code   222  stm32f10x_i2c.o(i.I2C_Init)
    I2C_ReceiveData                          0x080026c5   Thumb Code     8  stm32f10x_i2c.o(i.I2C_ReceiveData)
    I2C_Send7bitAddress                      0x080026cd   Thumb Code    18  stm32f10x_i2c.o(i.I2C_Send7bitAddress)
    I2C_SendData                             0x080026df   Thumb Code     4  stm32f10x_i2c.o(i.I2C_SendData)
    IIC2_Init                                0x080026e5   Thumb Code   148  iic.o(i.IIC2_Init)
    IIC2_Read                                0x08002785   Thumb Code   222  iic.o(i.IIC2_Read)
    IIC2_Write                               0x08002871   Thumb Code   154  iic.o(i.IIC2_Write)
    NVIC_Init                                0x08002919   Thumb Code   100  misc.o(i.NVIC_Init)
    RCC_APB1PeriphClockCmd                   0x08002989   Thumb Code    26  stm32f10x_rcc.o(i.RCC_APB1PeriphClockCmd)
    RCC_APB1PeriphResetCmd                   0x080029a9   Thumb Code    26  stm32f10x_rcc.o(i.RCC_APB1PeriphResetCmd)
    RCC_APB2PeriphClockCmd                   0x080029c9   Thumb Code    26  stm32f10x_rcc.o(i.RCC_APB2PeriphClockCmd)
    RCC_Clock_Init                           0x080029e9   Thumb Code   122  main.o(i.RCC_Clock_Init)
    RCC_GetClocksFreq                        0x08002a6d   Thumb Code   192  stm32f10x_rcc.o(i.RCC_GetClocksFreq)
    RCC_GetFlagStatus                        0x08002b41   Thumb Code    56  stm32f10x_rcc.o(i.RCC_GetFlagStatus)
    RCC_GetSYSCLKSource                      0x08002b7d   Thumb Code    10  stm32f10x_rcc.o(i.RCC_GetSYSCLKSource)
    RCC_HCLKConfig                           0x08002b8d   Thumb Code    18  stm32f10x_rcc.o(i.RCC_HCLKConfig)
    RCC_HSEConfig                            0x08002ba5   Thumb Code    70  stm32f10x_rcc.o(i.RCC_HSEConfig)
    RCC_PCLK1Config                          0x08002bf1   Thumb Code    18  stm32f10x_rcc.o(i.RCC_PCLK1Config)
    RCC_PCLK2Config                          0x08002c09   Thumb Code    20  stm32f10x_rcc.o(i.RCC_PCLK2Config)
    RCC_PLLCmd                               0x08002c21   Thumb Code     6  stm32f10x_rcc.o(i.RCC_PLLCmd)
    RCC_PLLConfig                            0x08002c2d   Thumb Code    24  stm32f10x_rcc.o(i.RCC_PLLConfig)
    RCC_SYSCLKConfig                         0x08002c49   Thumb Code    18  stm32f10x_rcc.o(i.RCC_SYSCLKConfig)
    Read_Force                               0x08002c61   Thumb Code    78  main.o(i.Read_Force)
    Read_Resistor                            0x08002cc1   Thumb Code   452  main.o(i.Read_Resistor)
    Receive_Form_VCU                         0x08002eb1   Thumb Code   282  main.o(i.Receive_Form_VCU)
    Step_Driver_Init                         0x080030c9   Thumb Code    46  step_driver.o(i.Step_Driver_Init)
    SysTick_Handler                          0x080030fd   Thumb Code    14  main.o(i.SysTick_Handler)
    SystemInit                               0x08003111   Thumb Code    78  system_stm32f10x.o(i.SystemInit)
    System_Blance                            0x08003171   Thumb Code   100  main.o(i.System_Blance)
    TIM2_IRQHandler                          0x080031e1   Thumb Code   190  main.o(i.TIM2_IRQHandler)
    TIM_ClearITPendingBit                    0x080032b5   Thumb Code     6  stm32f10x_tim.o(i.TIM_ClearITPendingBit)
    TIM_Cmd                                  0x080032bb   Thumb Code    24  stm32f10x_tim.o(i.TIM_Cmd)
    TIM_GetITStatus                          0x080032d3   Thumb Code    34  stm32f10x_tim.o(i.TIM_GetITStatus)
    TIM_ITConfig                             0x080032f5   Thumb Code    18  stm32f10x_tim.o(i.TIM_ITConfig)
    TIM_TimeBaseInit                         0x08003309   Thumb Code   122  stm32f10x_tim.o(i.TIM_TimeBaseInit)
    Timer2_Init                              0x080033ad   Thumb Code   100  timer.o(i.Timer2_Init)
    Timer3_Delay_ms                          0x08003411   Thumb Code    26  timer.o(i.Timer3_Delay_ms)
    Timer3_Delay_us                          0x0800342d   Thumb Code    18  timer.o(i.Timer3_Delay_us)
    Timer3_Init                              0x08003445   Thumb Code    58  timer.o(i.Timer3_Init)
    Transmit_To_VCU                          0x08003485   Thumb Code   780  main.o(i.Transmit_To_VCU)
    USART1_IRQHandler                        0x08003815   Thumb Code    84  main.o(i.USART1_IRQHandler)
    USART_ClearITPendingBit                  0x08003879   Thumb Code    30  stm32f10x_usart.o(i.USART_ClearITPendingBit)
    USART_Cmd                                0x08003897   Thumb Code    24  stm32f10x_usart.o(i.USART_Cmd)
    USART_GetFlagStatus                      0x080038af   Thumb Code    26  stm32f10x_usart.o(i.USART_GetFlagStatus)
    USART_GetITStatus                        0x080038c9   Thumb Code    84  stm32f10x_usart.o(i.USART_GetITStatus)
    USART_ITConfig                           0x0800391d   Thumb Code    74  stm32f10x_usart.o(i.USART_ITConfig)
    USART_Init                               0x08003969   Thumb Code   210  stm32f10x_usart.o(i.USART_Init)
    USART_ReceiveData                        0x08003a41   Thumb Code    10  stm32f10x_usart.o(i.USART_ReceiveData)
    USART_SendData                           0x08003a4b   Thumb Code     8  stm32f10x_usart.o(i.USART_SendData)
    Usart1_GPIO_Init                         0x08003a55   Thumb Code    68  com.o(i.Usart1_GPIO_Init)
    Usart1_Init                              0x08003a9d   Thumb Code   110  com.o(i.Usart1_Init)
    Usart1_SendChar                          0x08003b11   Thumb Code    28  com.o(i.Usart1_SendChar)
    Usart1_SendString                        0x08003b31   Thumb Code    28  com.o(i.Usart1_SendString)
    Usart1_printf                            0x08003b4d   Thumb Code    38  com.o(i.Usart1_printf)
    __ARM_fpclassify                         0x08003b73   Thumb Code    40  fpclassify.o(i.__ARM_fpclassify)
    _is_digit                                0x08003b9b   Thumb Code    14  __printf_wp.o(i._is_digit)
    ascii_to_int                             0x08003ba9   Thumb Code    70  main.o(i.ascii_to_int)
    getForce                                 0x08003bf1   Thumb Code    64  hx711.o(i.getForce)
    getHX711                                 0x08003c35   Thumb Code   110  hx711.o(i.getHX711)
    main                                     0x08003ca9   Thumb Code   220  main.o(i.main)
    osCooperative_Wait                       0x08003db9   Thumb Code    32  os.o(i.osCooperative_Wait)
    osKernelAdd1Thread                       0x08003dd9   Thumb Code   172  os.o(i.osKernelAdd1Thread)
    osKernelInit                             0x08003e95   Thumb Code     8  os.o(i.osKernelInit)
    osKernelLaunch                           0x08003ea5   Thumb Code   106  os.o(i.osKernelLaunch)
    osKernelStackInit                        0x08003f1d   Thumb Code   280  os.o(i.osKernelStackInit)
    osSchedulerRoundRobin                    0x0800403d   Thumb Code    34  os.o(i.osSchedulerRoundRobin)
    osSemaphore_Give                         0x08004065   Thumb Code    22  os.o(i.osSemaphore_Give)
    osSemaphore_Init                         0x0800407b   Thumb Code     4  os.o(i.osSemaphore_Init)
    osThreadYield                            0x08004081   Thumb Code    22  os.o(i.osThreadYield)
    system_reset                             0x0800409d   Thumb Code    18  main.o(i.system_reset)
    system_setup                             0x080040af   Thumb Code    30  main.o(i.system_setup)
    weigh                                    0x080040cd   Thumb Code    68  hx711.o(i.weigh)
    _get_lc_numeric                          0x08004119   Thumb Code    44  lc_numeric_c.o(locale$$code)
    _get_lc_ctype                            0x08004145   Thumb Code    44  lc_ctype_c.o(locale$$code)
    __aeabi_d2f                              0x08004171   Thumb Code     0  d2f.o(x$fpl$d2f)
    _d2f                                     0x08004171   Thumb Code    98  d2f.o(x$fpl$d2f)
    __aeabi_dadd                             0x080041d5   Thumb Code     0  daddsub_clz.o(x$fpl$dadd)
    _dadd                                    0x080041d5   Thumb Code   332  daddsub_clz.o(x$fpl$dadd)
    __fpl_dcmp_Inf                           0x08004325   Thumb Code    24  dcmpi.o(x$fpl$dcmpinf)
    __aeabi_ddiv                             0x0800433d   Thumb Code     0  ddiv.o(x$fpl$ddiv)
    _ddiv                                    0x0800433d   Thumb Code   552  ddiv.o(x$fpl$ddiv)
    __aeabi_i2d                              0x080045ed   Thumb Code     0  dflt_clz.o(x$fpl$dflt)
    _dflt                                    0x080045ed   Thumb Code    46  dflt_clz.o(x$fpl$dflt)
    __aeabi_cdcmple                          0x0800461d   Thumb Code     0  dleqf.o(x$fpl$dleqf)
    _dcmple                                  0x0800461d   Thumb Code   120  dleqf.o(x$fpl$dleqf)
    __fpl_dcmple_InfNaN                      0x0800467f   Thumb Code     0  dleqf.o(x$fpl$dleqf)
    __aeabi_dmul                             0x08004695   Thumb Code     0  dmul.o(x$fpl$dmul)
    _dmul                                    0x08004695   Thumb Code   332  dmul.o(x$fpl$dmul)
    __fpl_dnaninf                            0x080047e9   Thumb Code   156  dnaninf.o(x$fpl$dnaninf)
    __fpl_dretinf                            0x08004885   Thumb Code    12  dretinf.o(x$fpl$dretinf)
    __aeabi_cdrcmple                         0x08004891   Thumb Code     0  drleqf.o(x$fpl$drleqf)
    _drcmple                                 0x08004891   Thumb Code   108  drleqf.o(x$fpl$drleqf)
    __aeabi_dsub                             0x080048fd   Thumb Code     0  daddsub_clz.o(x$fpl$dsub)
    _dsub                                    0x080048fd   Thumb Code   464  daddsub_clz.o(x$fpl$dsub)
    __aeabi_f2d                              0x08004ad1   Thumb Code     0  f2d.o(x$fpl$f2d)
    _f2d                                     0x08004ad1   Thumb Code    86  f2d.o(x$fpl$f2d)
    __aeabi_fadd                             0x08004b29   Thumb Code     0  faddsub_clz.o(x$fpl$fadd)
    _fadd                                    0x08004b29   Thumb Code   196  faddsub_clz.o(x$fpl$fadd)
    __fpl_fcmp_Inf                           0x08004bed   Thumb Code    24  fcmpi.o(x$fpl$fcmpinf)
    __aeabi_fdiv                             0x08004c05   Thumb Code     0  fdiv.o(x$fpl$fdiv)
    _fdiv                                    0x08004c05   Thumb Code   384  fdiv.o(x$fpl$fdiv)
    __aeabi_f2iz                             0x08004d89   Thumb Code     0  ffix.o(x$fpl$ffix)
    _ffix                                    0x08004d89   Thumb Code    54  ffix.o(x$fpl$ffix)
    __aeabi_f2uiz                            0x08004dc1   Thumb Code     0  ffixu.o(x$fpl$ffixu)
    _ffixu                                   0x08004dc1   Thumb Code    62  ffixu.o(x$fpl$ffixu)
    __aeabi_i2f                              0x08004e01   Thumb Code     0  fflt_clz.o(x$fpl$fflt)
    _fflt                                    0x08004e01   Thumb Code    48  fflt_clz.o(x$fpl$fflt)
    __aeabi_cfcmple                          0x08004e31   Thumb Code     0  fleqf.o(x$fpl$fleqf)
    _fcmple                                  0x08004e31   Thumb Code   104  fleqf.o(x$fpl$fleqf)
    __fpl_fcmple_InfNaN                      0x08004e83   Thumb Code     0  fleqf.o(x$fpl$fleqf)
    __aeabi_fmul                             0x08004e99   Thumb Code     0  fmul.o(x$fpl$fmul)
    _fmul                                    0x08004e99   Thumb Code   258  fmul.o(x$fpl$fmul)
    __fpl_fnaninf                            0x08004f9b   Thumb Code   140  fnaninf.o(x$fpl$fnaninf)
    __fpl_fretinf                            0x08005027   Thumb Code    10  fretinf.o(x$fpl$fretinf)
    __aeabi_cfrcmple                         0x08005031   Thumb Code     0  frleqf.o(x$fpl$frleqf)
    _frcmple                                 0x08005031   Thumb Code    98  frleqf.o(x$fpl$frleqf)
    __aeabi_fsub                             0x08005095   Thumb Code     0  faddsub_clz.o(x$fpl$fsub)
    _fsub                                    0x08005095   Thumb Code   234  faddsub_clz.o(x$fpl$fsub)
    _printf_fp_dec                           0x0800517f   Thumb Code     4  printf1.o(x$fpl$printf1)
    _printf_fp_hex                           0x08005183   Thumb Code     4  printf2.o(x$fpl$printf2)
    __I$use$fp                               0x08005186   Number         0  usenofp.o(x$fpl$usenofp)
    Region$$Table$$Base                      0x08005284   Number         0  anon$$obj.o(Region$$Table)
    Region$$Table$$Limit                     0x080052a4   Number         0  anon$$obj.o(Region$$Table)
    __ctype                                  0x080052cd   Data           0  lc_ctype_c.o(locale$$data)
    MILLIS_PRESCALER                         0x20000000   Data           4  os.o(.data)
    currentPt                                0x20000004   Data           4  os.o(.data)
    current_num_of_thread                    0x20000008   Data           4  os.o(.data)
    Sema_Blance                              0x2000000c   Data           1  main.o(.data)
    Sema_COM                                 0x2000000d   Data           1  main.o(.data)
    Sema_SD                                  0x2000000e   Data           1  main.o(.data)
    Sema_RES                                 0x2000000f   Data           1  main.o(.data)
    Sema_Motor                               0x20000010   Data           1  main.o(.data)
    l_set_system                             0x20000014   Data           4  main.o(.data)
    current_data                             0x20000018   Data           1  main.o(.data)
    Sema_usart1_handler                      0x20000019   Data           1  main.o(.data)
    g_Timer_Tick                             0x2000001c   Data           4  timer.o(.data)
    tcbs                                     0x20000034   Data          84  os.o(.bss)
    TCB_STACK                                0x20000088   Data       11200  os.o(.bss)
    device                                   0x20002c48   Data          36  main.o(.bss)
    buffer_usart1_data                       0x20002c6c   Data          16  main.o(.bss)
    __libspace_start                         0x20002c7c   Data          96  libspace.o(.bss)
    __temporary_stack_top$libspace           0x20002cdc   Data           0  libspace.o(.bss)



==============================================================================

Memory Map of the image

  Image Entry point : 0x080000ed

  Load Region LR_IROM1 (Base: 0x08000000, Size: 0x00005404, Max: 0x00010000, ABSOLUTE)

    Execution Region ER_IROM1 (Exec base: 0x08000000, Load base: 0x08000000, Size: 0x000053d0, Max: 0x00010000, ABSOLUTE)

    Exec Addr    Load Addr    Size         Type   Attr      Idx    E Section Name        Object

    0x08000000   0x08000000   0x000000ec   Data   RO         2363    RESET               startup_stm32f10x_md.o
    0x080000ec   0x080000ec   0x00000008   Code   RO         2454  * !!!main             c_w.l(__main.o)
    0x080000f4   0x080000f4   0x00000034   Code   RO         2819    !!!scatter          c_w.l(__scatter.o)
    0x08000128   0x08000128   0x0000001a   Code   RO         2821    !!handler_copy      c_w.l(__scatter_copy.o)
    0x08000142   0x08000142   0x00000002   PAD
    0x08000144   0x08000144   0x0000001c   Code   RO         2823    !!handler_zi        c_w.l(__scatter_zi.o)
    0x08000160   0x08000160   0x00000000   Code   RO         2447    .ARM.Collect$$_printf_percent$$00000000  c_w.l(_printf_percent.o)
    0x08000160   0x08000160   0x00000006   Code   RO         2561    .ARM.Collect$$_printf_percent$$00000001  c_w.l(_printf_n.o)
    0x08000166   0x08000166   0x00000006   Code   RO         2563    .ARM.Collect$$_printf_percent$$00000002  c_w.l(_printf_p.o)
    0x0800016c   0x0800016c   0x00000006   Code   RO         2567    .ARM.Collect$$_printf_percent$$00000003  c_w.l(_printf_f.o)
    0x08000172   0x08000172   0x00000006   Code   RO         2568    .ARM.Collect$$_printf_percent$$00000004  c_w.l(_printf_e.o)
    0x08000178   0x08000178   0x00000006   Code   RO         2569    .ARM.Collect$$_printf_percent$$00000005  c_w.l(_printf_g.o)
    0x0800017e   0x0800017e   0x00000006   Code   RO         2570    .ARM.Collect$$_printf_percent$$00000006  c_w.l(_printf_a.o)
    0x08000184   0x08000184   0x0000000a   Code   RO         2575    .ARM.Collect$$_printf_percent$$00000007  c_w.l(_printf_ll.o)
    0x0800018e   0x0800018e   0x00000006   Code   RO         2565    .ARM.Collect$$_printf_percent$$00000008  c_w.l(_printf_i.o)
    0x08000194   0x08000194   0x00000006   Code   RO         2446    .ARM.Collect$$_printf_percent$$00000009  c_w.l(_printf_d.o)
    0x0800019a   0x0800019a   0x00000006   Code   RO         2566    .ARM.Collect$$_printf_percent$$0000000A  c_w.l(_printf_u.o)
    0x080001a0   0x080001a0   0x00000006   Code   RO         2564    .ARM.Collect$$_printf_percent$$0000000B  c_w.l(_printf_o.o)
    0x080001a6   0x080001a6   0x00000006   Code   RO         2562    .ARM.Collect$$_printf_percent$$0000000C  c_w.l(_printf_x.o)
    0x080001ac   0x080001ac   0x00000006   Code   RO         2572    .ARM.Collect$$_printf_percent$$0000000D  c_w.l(_printf_lli.o)
    0x080001b2   0x080001b2   0x00000006   Code   RO         2573    .ARM.Collect$$_printf_percent$$0000000E  c_w.l(_printf_lld.o)
    0x080001b8   0x080001b8   0x00000006   Code   RO         2574    .ARM.Collect$$_printf_percent$$0000000F  c_w.l(_printf_llu.o)
    0x080001be   0x080001be   0x00000006   Code   RO         2579    .ARM.Collect$$_printf_percent$$00000010  c_w.l(_printf_llo.o)
    0x080001c4   0x080001c4   0x00000006   Code   RO         2580    .ARM.Collect$$_printf_percent$$00000011  c_w.l(_printf_llx.o)
    0x080001ca   0x080001ca   0x0000000a   Code   RO         2576    .ARM.Collect$$_printf_percent$$00000012  c_w.l(_printf_l.o)
    0x080001d4   0x080001d4   0x00000006   Code   RO         2559    .ARM.Collect$$_printf_percent$$00000013  c_w.l(_printf_c.o)
    0x080001da   0x080001da   0x00000006   Code   RO         2560    .ARM.Collect$$_printf_percent$$00000014  c_w.l(_printf_s.o)
    0x080001e0   0x080001e0   0x00000006   Code   RO         2577    .ARM.Collect$$_printf_percent$$00000015  c_w.l(_printf_lc.o)
    0x080001e6   0x080001e6   0x00000006   Code   RO         2578    .ARM.Collect$$_printf_percent$$00000016  c_w.l(_printf_ls.o)
    0x080001ec   0x080001ec   0x00000004   Code   RO         2571    .ARM.Collect$$_printf_percent$$00000017  c_w.l(_printf_percent_end.o)
    0x080001f0   0x080001f0   0x00000002   Code   RO         2680    .ARM.Collect$$libinit$$00000000  c_w.l(libinit.o)
    0x080001f2   0x080001f2   0x00000000   Code   RO         2696    .ARM.Collect$$libinit$$00000002  c_w.l(libinit2.o)
    0x080001f2   0x080001f2   0x00000000   Code   RO         2698    .ARM.Collect$$libinit$$00000004  c_w.l(libinit2.o)
    0x080001f2   0x080001f2   0x00000000   Code   RO         2701    .ARM.Collect$$libinit$$0000000A  c_w.l(libinit2.o)
    0x080001f2   0x080001f2   0x00000000   Code   RO         2703    .ARM.Collect$$libinit$$0000000C  c_w.l(libinit2.o)
    0x080001f2   0x080001f2   0x00000000   Code   RO         2705    .ARM.Collect$$libinit$$0000000E  c_w.l(libinit2.o)
    0x080001f2   0x080001f2   0x00000006   Code   RO         2706    .ARM.Collect$$libinit$$0000000F  c_w.l(libinit2.o)
    0x080001f8   0x080001f8   0x00000000   Code   RO         2708    .ARM.Collect$$libinit$$00000011  c_w.l(libinit2.o)
    0x080001f8   0x080001f8   0x0000000c   Code   RO         2709    .ARM.Collect$$libinit$$00000012  c_w.l(libinit2.o)
    0x08000204   0x08000204   0x00000000   Code   RO         2710    .ARM.Collect$$libinit$$00000013  c_w.l(libinit2.o)
    0x08000204   0x08000204   0x00000000   Code   RO         2712    .ARM.Collect$$libinit$$00000015  c_w.l(libinit2.o)
    0x08000204   0x08000204   0x0000000a   Code   RO         2713    .ARM.Collect$$libinit$$00000016  c_w.l(libinit2.o)
    0x0800020e   0x0800020e   0x00000000   Code   RO         2714    .ARM.Collect$$libinit$$00000017  c_w.l(libinit2.o)
    0x0800020e   0x0800020e   0x00000000   Code   RO         2716    .ARM.Collect$$libinit$$00000019  c_w.l(libinit2.o)
    0x0800020e   0x0800020e   0x00000000   Code   RO         2718    .ARM.Collect$$libinit$$0000001B  c_w.l(libinit2.o)
    0x0800020e   0x0800020e   0x00000000   Code   RO         2720    .ARM.Collect$$libinit$$0000001D  c_w.l(libinit2.o)
    0x0800020e   0x0800020e   0x00000000   Code   RO         2722    .ARM.Collect$$libinit$$0000001F  c_w.l(libinit2.o)
    0x0800020e   0x0800020e   0x00000000   Code   RO         2724    .ARM.Collect$$libinit$$00000021  c_w.l(libinit2.o)
    0x0800020e   0x0800020e   0x00000000   Code   RO         2726    .ARM.Collect$$libinit$$00000023  c_w.l(libinit2.o)
    0x0800020e   0x0800020e   0x00000000   Code   RO         2728    .ARM.Collect$$libinit$$00000025  c_w.l(libinit2.o)
    0x0800020e   0x0800020e   0x00000000   Code   RO         2732    .ARM.Collect$$libinit$$0000002C  c_w.l(libinit2.o)
    0x0800020e   0x0800020e   0x00000000   Code   RO         2734    .ARM.Collect$$libinit$$0000002E  c_w.l(libinit2.o)
    0x0800020e   0x0800020e   0x00000000   Code   RO         2736    .ARM.Collect$$libinit$$00000030  c_w.l(libinit2.o)
    0x0800020e   0x0800020e   0x00000000   Code   RO         2738    .ARM.Collect$$libinit$$00000032  c_w.l(libinit2.o)
    0x0800020e   0x0800020e   0x00000002   Code   RO         2739    .ARM.Collect$$libinit$$00000033  c_w.l(libinit2.o)
    0x08000210   0x08000210   0x00000002   Code   RO         2759    .ARM.Collect$$libshutdown$$00000000  c_w.l(libshutdown.o)
    0x08000212   0x08000212   0x00000000   Code   RO         2772    .ARM.Collect$$libshutdown$$00000002  c_w.l(libshutdown2.o)
    0x08000212   0x08000212   0x00000000   Code   RO         2774    .ARM.Collect$$libshutdown$$00000004  c_w.l(libshutdown2.o)
    0x08000212   0x08000212   0x00000000   Code   RO         2777    .ARM.Collect$$libshutdown$$00000007  c_w.l(libshutdown2.o)
    0x08000212   0x08000212   0x00000000   Code   RO         2780    .ARM.Collect$$libshutdown$$0000000A  c_w.l(libshutdown2.o)
    0x08000212   0x08000212   0x00000000   Code   RO         2782    .ARM.Collect$$libshutdown$$0000000C  c_w.l(libshutdown2.o)
    0x08000212   0x08000212   0x00000000   Code   RO         2785    .ARM.Collect$$libshutdown$$0000000F  c_w.l(libshutdown2.o)
    0x08000212   0x08000212   0x00000002   Code   RO         2786    .ARM.Collect$$libshutdown$$00000010  c_w.l(libshutdown2.o)
    0x08000214   0x08000214   0x00000000   Code   RO         2510    .ARM.Collect$$rtentry$$00000000  c_w.l(__rtentry.o)
    0x08000214   0x08000214   0x00000000   Code   RO         2603    .ARM.Collect$$rtentry$$00000002  c_w.l(__rtentry2.o)
    0x08000214   0x08000214   0x00000006   Code   RO         2615    .ARM.Collect$$rtentry$$00000004  c_w.l(__rtentry4.o)
    0x0800021a   0x0800021a   0x00000000   Code   RO         2605    .ARM.Collect$$rtentry$$00000009  c_w.l(__rtentry2.o)
    0x0800021a   0x0800021a   0x00000004   Code   RO         2606    .ARM.Collect$$rtentry$$0000000A  c_w.l(__rtentry2.o)
    0x0800021e   0x0800021e   0x00000000   Code   RO         2608    .ARM.Collect$$rtentry$$0000000C  c_w.l(__rtentry2.o)
    0x0800021e   0x0800021e   0x00000008   Code   RO         2609    .ARM.Collect$$rtentry$$0000000D  c_w.l(__rtentry2.o)
    0x08000226   0x08000226   0x00000002   Code   RO         2688    .ARM.Collect$$rtexit$$00000000  c_w.l(rtexit.o)
    0x08000228   0x08000228   0x00000000   Code   RO         2741    .ARM.Collect$$rtexit$$00000002  c_w.l(rtexit2.o)
    0x08000228   0x08000228   0x00000004   Code   RO         2742    .ARM.Collect$$rtexit$$00000003  c_w.l(rtexit2.o)
    0x0800022c   0x0800022c   0x00000006   Code   RO         2743    .ARM.Collect$$rtexit$$00000004  c_w.l(rtexit2.o)
    0x08000232   0x08000232   0x00000002   PAD
    0x08000234   0x08000234   0x00000048   Code   RO          150    .TEXT               os_1.o
    0x0800027c   0x0800027c   0x00000040   Code   RO         2364    .text               startup_stm32f10x_md.o
    0x080002bc   0x080002bc   0x00000034   Code   RO         2416    .text               c_w.l(vsnprintf.o)
    0x080002f0   0x080002f0   0x00000078   Code   RO         2424    .text               c_w.l(_printf_dec.o)
    0x08000368   0x08000368   0x00000188   Code   RO         2443    .text               c_w.l(__printf_flags_ss_wp.o)
    0x080004f0   0x080004f0   0x00000006   Code   RO         2452    .text               c_w.l(heapauxi.o)
    0x080004f6   0x080004f6   0x0000004e   Code   RO         2511    .text               c_w.l(_printf_pad.o)
    0x08000544   0x08000544   0x00000024   Code   RO         2513    .text               c_w.l(_printf_truncate.o)
    0x08000568   0x08000568   0x00000052   Code   RO         2515    .text               c_w.l(_printf_str.o)
    0x080005ba   0x080005ba   0x000000b2   Code   RO         2517    .text               c_w.l(_printf_intcommon.o)
    0x0800066c   0x0800066c   0x00000028   Code   RO         2519    .text               c_w.l(_printf_charcount.o)
    0x08000694   0x08000694   0x00000030   Code   RO         2521    .text               c_w.l(_printf_char_common.o)
    0x080006c4   0x080006c4   0x0000000a   Code   RO         2523    .text               c_w.l(_sputc.o)
    0x080006ce   0x080006ce   0x00000010   Code   RO         2525    .text               c_w.l(_snputc.o)
    0x080006de   0x080006de   0x00000002   PAD
    0x080006e0   0x080006e0   0x000000bc   Code   RO         2527    .text               c_w.l(_printf_wctomb.o)
    0x0800079c   0x0800079c   0x0000007c   Code   RO         2530    .text               c_w.l(_printf_longlong_dec.o)
    0x08000818   0x08000818   0x00000070   Code   RO         2536    .text               c_w.l(_printf_oct_int_ll.o)
    0x08000888   0x08000888   0x00000094   Code   RO         2556    .text               c_w.l(_printf_hex_int_ll_ptr.o)
    0x0800091c   0x0800091c   0x0000008a   Code   RO         2617    .text               c_w.l(lludiv10.o)
    0x080009a6   0x080009a6   0x0000041e   Code   RO         2619    .text               c_w.l(_printf_fp_dec.o)
    0x08000dc4   0x08000dc4   0x000002fc   Code   RO         2621    .text               c_w.l(_printf_fp_hex.o)
    0x080010c0   0x080010c0   0x0000002c   Code   RO         2626    .text               c_w.l(_printf_char.o)
    0x080010ec   0x080010ec   0x0000002c   Code   RO         2628    .text               c_w.l(_printf_wchar.o)
    0x08001118   0x08001118   0x00000040   Code   RO         2630    .text               c_w.l(_wcrtomb.o)
    0x08001158   0x08001158   0x0000004a   Code   RO         2634    .text               c_w.l(sys_stackheap_outer.o)
    0x080011a2   0x080011a2   0x00000002   PAD
    0x080011a4   0x080011a4   0x00000010   Code   RO         2636    .text               c_w.l(rt_ctype_table.o)
    0x080011b4   0x080011b4   0x00000008   Code   RO         2641    .text               c_w.l(rt_locale_intlibspace.o)
    0x080011bc   0x080011bc   0x00000080   Code   RO         2643    .text               c_w.l(_printf_fp_infnan.o)
    0x0800123c   0x0800123c   0x000000e4   Code   RO         2645    .text               c_w.l(bigflt0.o)
    0x08001320   0x08001320   0x00000012   Code   RO         2673    .text               c_w.l(exit.o)
    0x08001332   0x08001332   0x00000002   PAD
    0x08001334   0x08001334   0x00000008   Code   RO         2685    .text               c_w.l(libspace.o)
    0x0800133c   0x0800133c   0x00000080   Code   RO         2693    .text               c_w.l(strcmpv7m.o)
    0x080013bc   0x080013bc   0x0000000c   Code   RO         2751    .text               c_w.l(sys_exit.o)
    0x080013c8   0x080013c8   0x00000002   Code   RO         2762    .text               c_w.l(use_no_semi.o)
    0x080013ca   0x080013ca   0x00000000   Code   RO         2764    .text               c_w.l(indicate_semi.o)
    0x080013ca   0x080013ca   0x0000003e   Code   RO         2648    CL$$btod_d2e        c_w.l(btod.o)
    0x08001408   0x08001408   0x00000046   Code   RO         2650    CL$$btod_d2e_denorm_low  c_w.l(btod.o)
    0x0800144e   0x0800144e   0x00000060   Code   RO         2649    CL$$btod_d2e_norm_op1  c_w.l(btod.o)
    0x080014ae   0x080014ae   0x00000338   Code   RO         2658    CL$$btod_div_common  c_w.l(btod.o)
    0x080017e6   0x080017e6   0x000000dc   Code   RO         2655    CL$$btod_e2e        c_w.l(btod.o)
    0x080018c2   0x080018c2   0x0000002a   Code   RO         2652    CL$$btod_ediv       c_w.l(btod.o)
    0x080018ec   0x080018ec   0x0000002a   Code   RO         2651    CL$$btod_emul       c_w.l(btod.o)
    0x08001916   0x08001916   0x00000244   Code   RO         2657    CL$$btod_mult_common  c_w.l(btod.o)
    0x08001b5a   0x08001b5a   0x0000007e   Code   RO          374    i.ADC_Differential_Init  adc.o
    0x08001bd8   0x08001bd8   0x0000001c   Code   RO          375    i.ADC_Differential_Read  adc.o
    0x08001bf4   0x08001bf4   0x0000005c   Code   RO          376    i.ADC_GPIO_Measurement_Range  adc.o
    0x08001c50   0x08001c50   0x00000028   Code   RO          377    i.ADC_GPIO_Reset    adc.o
    0x08001c78   0x08001c78   0x00000088   Code   RO          378    i.ADC_Range1_Resistance  adc.o
    0x08001d00   0x08001d00   0x00000088   Code   RO          379    i.ADC_Range2_Resistance  adc.o
    0x08001d88   0x08001d88   0x00000088   Code   RO          380    i.ADC_Range3_Resistance  adc.o
    0x08001e10   0x08001e10   0x0000006c   Code   RO          381    i.ADC_Range4_Resistance  adc.o
    0x08001e7c   0x08001e7c   0x0000006c   Code   RO          382    i.ADC_Range5_Resistance  adc.o
    0x08001ee8   0x08001ee8   0x000000f0   Code   RO          383    i.ADC_Range6_Resistance  adc.o
    0x08001fd8   0x08001fd8   0x000000f0   Code   RO          384    i.ADC_Range7_Resistance  adc.o
    0x080020c8   0x080020c8   0x00000086   Code   RO          385    i.ADC_Single_Init   adc.o
    0x0800214e   0x0800214e   0x00000002   PAD
    0x08002150   0x08002150   0x0000014c   Code   RO          156    i.Control_Motor     main.o
    0x0800229c   0x0800229c   0x0000001c   Code   RO          889    i.FLASH_PrefetchBufferCmd  stm32f10x_flash.o
    0x080022b8   0x080022b8   0x00000018   Code   RO          894    i.FLASH_SetLatency  stm32f10x_flash.o
    0x080022d0   0x080022d0   0x00000048   Code   RO          324    i.Force_Sensor_Init  hx711.o
    0x08002318   0x08002318   0x00000116   Code   RO         1064    i.GPIO_Init         stm32f10x_gpio.o
    0x0800242e   0x0800242e   0x00000002   PAD
    0x08002430   0x08002430   0x00000090   Code   RO         1066    i.GPIO_PinRemapConfig  stm32f10x_gpio.o
    0x080024c0   0x080024c0   0x00000012   Code   RO         1068    i.GPIO_ReadInputDataBit  stm32f10x_gpio.o
    0x080024d2   0x080024d2   0x00000004   Code   RO         1071    i.GPIO_ResetBits    stm32f10x_gpio.o
    0x080024d6   0x080024d6   0x00000004   Code   RO         1072    i.GPIO_SetBits      stm32f10x_gpio.o
    0x080024da   0x080024da   0x00000018   Code   RO         1185    i.I2C_AcknowledgeConfig  stm32f10x_i2c.o
    0x080024f2   0x080024f2   0x0000002a   Code   RO         1187    i.I2C_CheckEvent    stm32f10x_i2c.o
    0x0800251c   0x0800251c   0x00000018   Code   RO         1190    i.I2C_Cmd           stm32f10x_i2c.o
    0x08002534   0x08002534   0x00000038   Code   RO         1193    i.I2C_DeInit        stm32f10x_i2c.o
    0x0800256c   0x0800256c   0x00000018   Code   RO         1197    i.I2C_GenerateSTART  stm32f10x_i2c.o
    0x08002584   0x08002584   0x00000018   Code   RO         1198    i.I2C_GenerateSTOP  stm32f10x_i2c.o
    0x0800259c   0x0800259c   0x0000003a   Code   RO         1199    i.I2C_GetFlagStatus  stm32f10x_i2c.o
    0x080025d6   0x080025d6   0x00000002   PAD
    0x080025d8   0x080025d8   0x000000ec   Code   RO         1204    i.I2C_Init          stm32f10x_i2c.o
    0x080026c4   0x080026c4   0x00000008   Code   RO         1209    i.I2C_ReceiveData   stm32f10x_i2c.o
    0x080026cc   0x080026cc   0x00000012   Code   RO         1211    i.I2C_Send7bitAddress  stm32f10x_i2c.o
    0x080026de   0x080026de   0x00000004   Code   RO         1212    i.I2C_SendData      stm32f10x_i2c.o
    0x080026e2   0x080026e2   0x00000002   PAD
    0x080026e4   0x080026e4   0x000000a0   Code   RO          470    i.IIC2_Init         iic.o
    0x08002784   0x08002784   0x000000ec   Code   RO          471    i.IIC2_Read         iic.o
    0x08002870   0x08002870   0x000000a8   Code   RO          472    i.IIC2_Write        iic.o
    0x08002918   0x08002918   0x00000070   Code   RO          734    i.NVIC_Init         misc.o
    0x08002988   0x08002988   0x00000020   Code   RO         1402    i.RCC_APB1PeriphClockCmd  stm32f10x_rcc.o
    0x080029a8   0x080029a8   0x00000020   Code   RO         1403    i.RCC_APB1PeriphResetCmd  stm32f10x_rcc.o
    0x080029c8   0x080029c8   0x00000020   Code   RO         1404    i.RCC_APB2PeriphClockCmd  stm32f10x_rcc.o
    0x080029e8   0x080029e8   0x00000084   Code   RO          157    i.RCC_Clock_Init    main.o
    0x08002a6c   0x08002a6c   0x000000d4   Code   RO         1412    i.RCC_GetClocksFreq  stm32f10x_rcc.o
    0x08002b40   0x08002b40   0x0000003c   Code   RO         1413    i.RCC_GetFlagStatus  stm32f10x_rcc.o
    0x08002b7c   0x08002b7c   0x00000010   Code   RO         1415    i.RCC_GetSYSCLKSource  stm32f10x_rcc.o
    0x08002b8c   0x08002b8c   0x00000018   Code   RO         1416    i.RCC_HCLKConfig    stm32f10x_rcc.o
    0x08002ba4   0x08002ba4   0x0000004c   Code   RO         1417    i.RCC_HSEConfig     stm32f10x_rcc.o
    0x08002bf0   0x08002bf0   0x00000018   Code   RO         1423    i.RCC_PCLK1Config   stm32f10x_rcc.o
    0x08002c08   0x08002c08   0x00000018   Code   RO         1424    i.RCC_PCLK2Config   stm32f10x_rcc.o
    0x08002c20   0x08002c20   0x0000000c   Code   RO         1425    i.RCC_PLLCmd        stm32f10x_rcc.o
    0x08002c2c   0x08002c2c   0x0000001c   Code   RO         1426    i.RCC_PLLConfig     stm32f10x_rcc.o
    0x08002c48   0x08002c48   0x00000018   Code   RO         1429    i.RCC_SYSCLKConfig  stm32f10x_rcc.o
    0x08002c60   0x08002c60   0x00000060   Code   RO          158    i.Read_Force        main.o
    0x08002cc0   0x08002cc0   0x000001f0   Code   RO          159    i.Read_Resistor     main.o
    0x08002eb0   0x08002eb0   0x00000130   Code   RO          160    i.Receive_Form_VCU  main.o
    0x08002fe0   0x08002fe0   0x00000008   Code   RO         2371    i.SetSysClock       system_stm32f10x.o
    0x08002fe8   0x08002fe8   0x000000e0   Code   RO         2372    i.SetSysClockTo72   system_stm32f10x.o
    0x080030c8   0x080030c8   0x00000034   Code   RO          506    i.Step_Driver_Init  step_driver.o
    0x080030fc   0x080030fc   0x00000014   Code   RO          161    i.SysTick_Handler   main.o
    0x08003110   0x08003110   0x00000060   Code   RO         2374    i.SystemInit        system_stm32f10x.o
    0x08003170   0x08003170   0x00000070   Code   RO          162    i.System_Blance     main.o
    0x080031e0   0x080031e0   0x000000d4   Code   RO          163    i.TIM2_IRQHandler   main.o
    0x080032b4   0x080032b4   0x00000006   Code   RO         1623    i.TIM_ClearITPendingBit  stm32f10x_tim.o
    0x080032ba   0x080032ba   0x00000018   Code   RO         1628    i.TIM_Cmd           stm32f10x_tim.o
    0x080032d2   0x080032d2   0x00000022   Code   RO         1649    i.TIM_GetITStatus   stm32f10x_tim.o
    0x080032f4   0x080032f4   0x00000012   Code   RO         1653    i.TIM_ITConfig      stm32f10x_tim.o
    0x08003306   0x08003306   0x00000002   PAD
    0x08003308   0x08003308   0x000000a4   Code   RO         1699    i.TIM_TimeBaseInit  stm32f10x_tim.o
    0x080033ac   0x080033ac   0x00000064   Code   RO          611    i.Timer2_Init       timer.o
    0x08003410   0x08003410   0x0000001a   Code   RO          612    i.Timer3_Delay_ms   timer.o
    0x0800342a   0x0800342a   0x00000002   PAD
    0x0800342c   0x0800342c   0x00000018   Code   RO          613    i.Timer3_Delay_us   timer.o
    0x08003444   0x08003444   0x00000040   Code   RO          614    i.Timer3_Init       timer.o
    0x08003484   0x08003484   0x00000390   Code   RO          166    i.Transmit_To_VCU   main.o
    0x08003814   0x08003814   0x00000064   Code   RO          167    i.USART1_IRQHandler  main.o
    0x08003878   0x08003878   0x0000001e   Code   RO         2173    i.USART_ClearITPendingBit  stm32f10x_usart.o
    0x08003896   0x08003896   0x00000018   Code   RO         2176    i.USART_Cmd         stm32f10x_usart.o
    0x080038ae   0x080038ae   0x0000001a   Code   RO         2179    i.USART_GetFlagStatus  stm32f10x_usart.o
    0x080038c8   0x080038c8   0x00000054   Code   RO         2180    i.USART_GetITStatus  stm32f10x_usart.o
    0x0800391c   0x0800391c   0x0000004a   Code   RO         2182    i.USART_ITConfig    stm32f10x_usart.o
    0x08003966   0x08003966   0x00000002   PAD
    0x08003968   0x08003968   0x000000d8   Code   RO         2183    i.USART_Init        stm32f10x_usart.o
    0x08003a40   0x08003a40   0x0000000a   Code   RO         2190    i.USART_ReceiveData  stm32f10x_usart.o
    0x08003a4a   0x08003a4a   0x00000008   Code   RO         2193    i.USART_SendData    stm32f10x_usart.o
    0x08003a52   0x08003a52   0x00000002   PAD
    0x08003a54   0x08003a54   0x00000048   Code   RO          534    i.Usart1_GPIO_Init  com.o
    0x08003a9c   0x08003a9c   0x00000074   Code   RO          535    i.Usart1_Init       com.o
    0x08003b10   0x08003b10   0x00000020   Code   RO          536    i.Usart1_SendChar   com.o
    0x08003b30   0x08003b30   0x0000001c   Code   RO          537    i.Usart1_SendString  com.o
    0x08003b4c   0x08003b4c   0x00000026   Code   RO          538    i.Usart1_printf     com.o
    0x08003b72   0x08003b72   0x00000028   Code   RO         2683    i.__ARM_fpclassify  m_ws.l(fpclassify.o)
    0x08003b9a   0x08003b9a   0x0000000e   Code   RO         2436    i._is_digit         c_w.l(__printf_wp.o)
    0x08003ba8   0x08003ba8   0x00000046   Code   RO          168    i.ascii_to_int      main.o
    0x08003bee   0x08003bee   0x00000002   PAD
    0x08003bf0   0x08003bf0   0x00000044   Code   RO          325    i.getForce          hx711.o
    0x08003c34   0x08003c34   0x00000074   Code   RO          326    i.getHX711          hx711.o
    0x08003ca8   0x08003ca8   0x00000110   Code   RO          169    i.main              main.o
    0x08003db8   0x08003db8   0x00000020   Code   RO            4    i.osCooperative_Wait  os.o
    0x08003dd8   0x08003dd8   0x000000bc   Code   RO            5    i.osKernelAdd1Thread  os.o
    0x08003e94   0x08003e94   0x00000010   Code   RO            6    i.osKernelInit      os.o
    0x08003ea4   0x08003ea4   0x00000078   Code   RO            7    i.osKernelLaunch    os.o
    0x08003f1c   0x08003f1c   0x00000120   Code   RO            8    i.osKernelStackInit  os.o
    0x0800403c   0x0800403c   0x00000028   Code   RO            9    i.osSchedulerRoundRobin  os.o
    0x08004064   0x08004064   0x00000016   Code   RO           10    i.osSemaphore_Give  os.o
    0x0800407a   0x0800407a   0x00000004   Code   RO           11    i.osSemaphore_Init  os.o
    0x0800407e   0x0800407e   0x00000002   PAD
    0x08004080   0x08004080   0x0000001c   Code   RO           12    i.osThreadYield     os.o
    0x0800409c   0x0800409c   0x00000012   Code   RO          170    i.system_reset      main.o
    0x080040ae   0x080040ae   0x0000001e   Code   RO          171    i.system_setup      main.o
    0x080040cc   0x080040cc   0x0000004c   Code   RO          327    i.weigh             hx711.o
    0x08004118   0x08004118   0x0000002c   Code   RO         2671    locale$$code        c_w.l(lc_numeric_c.o)
    0x08004144   0x08004144   0x0000002c   Code   RO         2691    locale$$code        c_w.l(lc_ctype_c.o)
    0x08004170   0x08004170   0x00000062   Code   RO         2456    x$fpl$d2f           fz_ws.l(d2f.o)
    0x080041d2   0x080041d2   0x00000002   PAD
    0x080041d4   0x080041d4   0x00000150   Code   RO         2458    x$fpl$dadd          fz_ws.l(daddsub_clz.o)
    0x08004324   0x08004324   0x00000018   Code   RO         2632    x$fpl$dcmpinf       fz_ws.l(dcmpi.o)
    0x0800433c   0x0800433c   0x000002b0   Code   RO         2465    x$fpl$ddiv          fz_ws.l(ddiv.o)
    0x080045ec   0x080045ec   0x0000002e   Code   RO         2469    x$fpl$dflt          fz_ws.l(dflt_clz.o)
    0x0800461a   0x0800461a   0x00000002   PAD
    0x0800461c   0x0800461c   0x00000078   Code   RO         2581    x$fpl$dleqf         fz_ws.l(dleqf.o)
    0x08004694   0x08004694   0x00000154   Code   RO         2474    x$fpl$dmul          fz_ws.l(dmul.o)
    0x080047e8   0x080047e8   0x0000009c   Code   RO         2583    x$fpl$dnaninf       fz_ws.l(dnaninf.o)
    0x08004884   0x08004884   0x0000000c   Code   RO         2585    x$fpl$dretinf       fz_ws.l(dretinf.o)
    0x08004890   0x08004890   0x0000006c   Code   RO         2476    x$fpl$drleqf        fz_ws.l(drleqf.o)
    0x080048fc   0x080048fc   0x000001d4   Code   RO         2460    x$fpl$dsub          fz_ws.l(daddsub_clz.o)
    0x08004ad0   0x08004ad0   0x00000056   Code   RO         2478    x$fpl$f2d           fz_ws.l(f2d.o)
    0x08004b26   0x08004b26   0x00000002   PAD
    0x08004b28   0x08004b28   0x000000c4   Code   RO         2480    x$fpl$fadd          fz_ws.l(faddsub_clz.o)
    0x08004bec   0x08004bec   0x00000018   Code   RO         2587    x$fpl$fcmpinf       fz_ws.l(fcmpi.o)
    0x08004c04   0x08004c04   0x00000184   Code   RO         2487    x$fpl$fdiv          fz_ws.l(fdiv.o)
    0x08004d88   0x08004d88   0x00000036   Code   RO         2490    x$fpl$ffix          fz_ws.l(ffix.o)
    0x08004dbe   0x08004dbe   0x00000002   PAD
    0x08004dc0   0x08004dc0   0x0000003e   Code   RO         2494    x$fpl$ffixu         fz_ws.l(ffixu.o)
    0x08004dfe   0x08004dfe   0x00000002   PAD
    0x08004e00   0x08004e00   0x00000030   Code   RO         2499    x$fpl$fflt          fz_ws.l(fflt_clz.o)
    0x08004e30   0x08004e30   0x00000068   Code   RO         2504    x$fpl$fleqf         fz_ws.l(fleqf.o)
    0x08004e98   0x08004e98   0x00000102   Code   RO         2506    x$fpl$fmul          fz_ws.l(fmul.o)
    0x08004f9a   0x08004f9a   0x0000008c   Code   RO         2589    x$fpl$fnaninf       fz_ws.l(fnaninf.o)
    0x08005026   0x08005026   0x0000000a   Code   RO         2591    x$fpl$fretinf       fz_ws.l(fretinf.o)
    0x08005030   0x08005030   0x00000062   Code   RO         2508    x$fpl$frleqf        fz_ws.l(frleqf.o)
    0x08005092   0x08005092   0x00000002   PAD
    0x08005094   0x08005094   0x000000ea   Code   RO         2482    x$fpl$fsub          fz_ws.l(faddsub_clz.o)
    0x0800517e   0x0800517e   0x00000004   Code   RO         2593    x$fpl$printf1       fz_ws.l(printf1.o)
    0x08005182   0x08005182   0x00000004   Code   RO         2595    x$fpl$printf2       fz_ws.l(printf2.o)
    0x08005186   0x08005186   0x00000000   Code   RO         2601    x$fpl$usenofp       fz_ws.l(usenofp.o)
    0x08005186   0x08005186   0x00000011   Data   RO         2444    .constdata          c_w.l(__printf_flags_ss_wp.o)
    0x08005197   0x08005197   0x00000001   PAD
    0x08005198   0x08005198   0x00000008   Data   RO         2528    .constdata          c_w.l(_printf_wctomb.o)
    0x080051a0   0x080051a0   0x00000028   Data   RO         2557    .constdata          c_w.l(_printf_hex_int_ll_ptr.o)
    0x080051c8   0x080051c8   0x00000026   Data   RO         2622    .constdata          c_w.l(_printf_fp_hex.o)
    0x080051ee   0x080051ee   0x00000002   PAD
    0x080051f0   0x080051f0   0x00000094   Data   RO         2646    .constdata          c_w.l(bigflt0.o)
    0x08005284   0x08005284   0x00000020   Data   RO         2817    Region$$Table       anon$$obj.o
    0x080052a4   0x080052a4   0x0000001c   Data   RO         2670    locale$$data        c_w.l(lc_numeric_c.o)
    0x080052c0   0x080052c0   0x00000110   Data   RO         2690    locale$$data        c_w.l(lc_ctype_c.o)


    Execution Region RW_IRAM1 (Exec base: 0x20000000, Load base: 0x080053d0, Size: 0x000032e0, Max: 0x00005000, ABSOLUTE)

    Exec Addr    Load Addr    Size         Type   Attr      Idx    E Section Name        Object

    0x20000000   0x080053d0   0x0000000c   Data   RW           15    .data               os.o
    0x2000000c   0x080053dc   0x0000000e   Data   RW          173    .data               main.o
    0x2000001a   0x080053ea   0x00000002   PAD
    0x2000001c   0x080053ec   0x00000004   Data   RW          615    .data               timer.o
    0x20000020   0x080053f0   0x00000014   Data   RW         1432    .data               stm32f10x_rcc.o
    0x20000034        -       0x00002c14   Zero   RW           14    .bss                os.o
    0x20002c48        -       0x00000034   Zero   RW          172    .bss                main.o
    0x20002c7c        -       0x00000060   Zero   RW         2686    .bss                c_w.l(libspace.o)
    0x20002cdc   0x08005404   0x00000004   PAD
    0x20002ce0        -       0x00000200   Zero   RW         2362    HEAP                startup_stm32f10x_md.o
    0x20002ee0        -       0x00000400   Zero   RW         2361    STACK               startup_stm32f10x_md.o


==============================================================================

Image component sizes


      Code (inc. data)   RO Data    RW Data    ZI Data      Debug   Object Name

      1524        208          0          0          0       7404   adc.o
       286         14          0          0          0       2983   com.o
       332         24          0          0          0       2158   hx711.o
       564         40          0          0          0       1797   iic.o
      3106        352          0         14         52       9458   main.o
       112         12          0          0          0       1232   misc.o
       738         58          0         12      11284     292802   os.o
        72          4          0          0          0        228   os_1.o
        64         26        236          0       1536        780   startup_stm32f10x_md.o
        52          6          0          0          0        475   step_driver.o
        52         12          0          0          0       1245   stm32f10x_flash.o
       448          6          0          0          0       4998   stm32f10x_gpio.o
       518         20          0          0          0       9177   stm32f10x_i2c.o
       596         86          0         20          0      11054   stm32f10x_rcc.o
       246         42          0          0          0       4054   stm32f10x_tim.o
       472          6          0          0          0       7535   stm32f10x_usart.o
       328         28          0          0          0       1841   system_stm32f10x.o
       214         12          0          4          0       1999   timer.o

    ----------------------------------------------------------------------
      9744        956        268         52      12872     361220   Object Totals
         0          0         32          0          0          0   (incl. Generated)
        20          0          0          2          0          0   (incl. Padding)

    ----------------------------------------------------------------------

      Code (inc. data)   RO Data    RW Data    ZI Data      Debug   Library Member Name

         8          0          0          0          0         68   __main.o
       392          4         17          0          0         92   __printf_flags_ss_wp.o
        14          0          0          0          0         68   __printf_wp.o
         0          0          0          0          0          0   __rtentry.o
        12          0          0          0          0          0   __rtentry2.o
         6          0          0          0          0          0   __rtentry4.o
        52          8          0          0          0          0   __scatter.o
        26          0          0          0          0          0   __scatter_copy.o
        28          0          0          0          0          0   __scatter_zi.o
         6          0          0          0          0          0   _printf_a.o
         6          0          0          0          0          0   _printf_c.o
        44          0          0          0          0        108   _printf_char.o
        48          6          0          0          0         96   _printf_char_common.o
        40          0          0          0          0         68   _printf_charcount.o
         6          0          0          0          0          0   _printf_d.o
       120         16          0          0          0         92   _printf_dec.o
         6          0          0          0          0          0   _printf_e.o
         6          0          0          0          0          0   _printf_f.o
      1054          0          0          0          0        216   _printf_fp_dec.o
       764          8         38          0          0        100   _printf_fp_hex.o
       128         16          0          0          0         84   _printf_fp_infnan.o
         6          0          0          0          0          0   _printf_g.o
       148          4         40          0          0        160   _printf_hex_int_ll_ptr.o
         6          0          0          0          0          0   _printf_i.o
       178          0          0          0          0         88   _printf_intcommon.o
        10          0          0          0          0          0   _printf_l.o
         6          0          0          0          0          0   _printf_lc.o
        10          0          0          0          0          0   _printf_ll.o
         6          0          0          0          0          0   _printf_lld.o
         6          0          0          0          0          0   _printf_lli.o
         6          0          0          0          0          0   _printf_llo.o
         6          0          0          0          0          0   _printf_llu.o
         6          0          0          0          0          0   _printf_llx.o
       124         16          0          0          0         92   _printf_longlong_dec.o
         6          0          0          0          0          0   _printf_ls.o
         6          0          0          0          0          0   _printf_n.o
         6          0          0          0          0          0   _printf_o.o
       112         10          0          0          0        124   _printf_oct_int_ll.o
         6          0          0          0          0          0   _printf_p.o
        78          0          0          0          0        108   _printf_pad.o
         0          0          0          0          0          0   _printf_percent.o
         4          0          0          0          0          0   _printf_percent_end.o
         6          0          0          0          0          0   _printf_s.o
        82          0          0          0          0         80   _printf_str.o
        36          0          0          0          0         84   _printf_truncate.o
         6          0          0          0          0          0   _printf_u.o
        44          0          0          0          0        108   _printf_wchar.o
       188          6          8          0          0         92   _printf_wctomb.o
         6          0          0          0          0          0   _printf_x.o
        16          0          0          0          0         68   _snputc.o
        10          0          0          0          0         68   _sputc.o
        64          0          0          0          0         92   _wcrtomb.o
       228          4        148          0          0         96   bigflt0.o
      1936        128          0          0          0        672   btod.o
        18          0          0          0          0         80   exit.o
         6          0          0          0          0        152   heapauxi.o
         0          0          0          0          0          0   indicate_semi.o
        44         10        272          0          0         76   lc_ctype_c.o
        44         10         28          0          0         76   lc_numeric_c.o
         2          0          0          0          0          0   libinit.o
        30          0          0          0          0          0   libinit2.o
         2          0          0          0          0          0   libshutdown.o
         2          0          0          0          0          0   libshutdown2.o
         8          4          0          0         96         68   libspace.o
       138          0          0          0          0         80   lludiv10.o
        16          4          0          0          0         76   rt_ctype_table.o
         8          4          0          0          0         68   rt_locale_intlibspace.o
         2          0          0          0          0          0   rtexit.o
        10          0          0          0          0          0   rtexit2.o
       128          0          0          0          0         68   strcmpv7m.o
        12          4          0          0          0         68   sys_exit.o
        74          0          0          0          0         80   sys_stackheap_outer.o
         2          0          0          0          0         68   use_no_semi.o
        52          4          0          0          0         80   vsnprintf.o
        98          4          0          0          0         92   d2f.o
       804         16          0          0          0        272   daddsub_clz.o
        24          0          0          0          0         68   dcmpi.o
       688        140          0          0          0        208   ddiv.o
        46          0          0          0          0         68   dflt_clz.o
       120          4          0          0          0         92   dleqf.o
       340         12          0          0          0        104   dmul.o
       156          4          0          0          0         92   dnaninf.o
        12          0          0          0          0         68   dretinf.o
       108          0          0          0          0         80   drleqf.o
        86          4          0          0          0         84   f2d.o
       430          8          0          0          0        168   faddsub_clz.o
        24          0          0          0          0         68   fcmpi.o
       388         76          0          0          0         96   fdiv.o
        54          4          0          0          0         84   ffix.o
        62          4          0          0          0         84   ffixu.o
        48          0          0          0          0         68   fflt_clz.o
       104          4          0          0          0         84   fleqf.o
       258          4          0          0          0         84   fmul.o
       140          4          0          0          0         84   fnaninf.o
        10          0          0          0          0         68   fretinf.o
        98          0          0          0          0         68   frleqf.o
         4          0          0          0          0         68   printf1.o
         4          0          0          0          0         68   printf2.o
         0          0          0          0          0          0   usenofp.o
        40          0          0          0          0         68   fpclassify.o

    ----------------------------------------------------------------------
     10890        554        554          0        100       6352   Library Totals
        22          0          3          0          4          0   (incl. Padding)

    ----------------------------------------------------------------------

      Code (inc. data)   RO Data    RW Data    ZI Data      Debug   Library Name

      6722        266        551          0         96       3964   c_w.l
      4106        288          0          0          0       2320   fz_ws.l
        40          0          0          0          0         68   m_ws.l

    ----------------------------------------------------------------------
     10890        554        554          0        100       6352   Library Totals

    ----------------------------------------------------------------------

==============================================================================


      Code (inc. data)   RO Data    RW Data    ZI Data      Debug   

     20634       1510        822         52      12972     359040   Grand Totals
     20634       1510        822         52      12972     359040   ELF Image Totals
     20634       1510        822         52          0          0   ROM Totals

==============================================================================

    Total RO  Size (Code + RO Data)                21456 (  20.95kB)
    Total RW  Size (RW Data + ZI Data)             13024 (  12.72kB)
    Total ROM Size (Code + RO Data + RW Data)      21508 (  21.00kB)

==============================================================================

